Component: ARM Compiler 5.06 update 6 (build 750) Tool: armlink [4d35ed]

==============================================================================

Section Cross References

    startup_stm32f40xx.o(STACK) refers (Special) to heapauxi.o(.text) for __use_two_region_memory
    startup_stm32f40xx.o(HEAP) refers (Special) to heapauxi.o(.text) for __use_two_region_memory
    startup_stm32f40xx.o(RESET) refers (Special) to heapauxi.o(.text) for __use_two_region_memory
    startup_stm32f40xx.o(RESET) refers to startup_stm32f40xx.o(STACK) for __initial_sp
    startup_stm32f40xx.o(RESET) refers to startup_stm32f40xx.o(.text) for Reset_Handler
    startup_stm32f40xx.o(RESET) refers to stm32f4xx_it.o(i.NMI_Handler) for NMI_Handler
    startup_stm32f40xx.o(RESET) refers to stm32f4xx_it.o(i.HardFault_Handler) for HardFault_Handler
    startup_stm32f40xx.o(RESET) refers to stm32f4xx_it.o(i.MemManage_Handler) for MemManage_Handler
    startup_stm32f40xx.o(RESET) refers to stm32f4xx_it.o(i.BusFault_Handler) for BusFault_Handler
    startup_stm32f40xx.o(RESET) refers to stm32f4xx_it.o(i.UsageFault_Handler) for UsageFault_Handler
    startup_stm32f40xx.o(RESET) refers to stm32f4xx_it.o(i.SVC_Handler) for SVC_Handler
    startup_stm32f40xx.o(RESET) refers to stm32f4xx_it.o(i.DebugMon_Handler) for DebugMon_Handler
    startup_stm32f40xx.o(RESET) refers to stm32f4xx_it.o(i.PendSV_Handler) for PendSV_Handler
    startup_stm32f40xx.o(RESET) refers to stm32f4xx_it.o(i.SysTick_Handler) for SysTick_Handler
    startup_stm32f40xx.o(RESET) refers to can1.o(i.CAN1_TX_IRQHandler) for CAN1_TX_IRQHandler
    startup_stm32f40xx.o(RESET) refers to can1.o(i.CAN1_RX0_IRQHandler) for CAN1_RX0_IRQHandler
    startup_stm32f40xx.o(RESET) refers to timer.o(i.TIM3_IRQHandler) for TIM3_IRQHandler
    startup_stm32f40xx.o(RESET) refers to sbus.o(i.USART1_IRQHandler) for USART1_IRQHandler
    startup_stm32f40xx.o(RESET) refers to jy901.o(i.USART2_IRQHandler) for USART2_IRQHandler
    startup_stm32f40xx.o(RESET) refers to timer.o(i.TIM6_DAC_IRQHandler) for TIM6_DAC_IRQHandler
    startup_stm32f40xx.o(.text) refers (Special) to heapauxi.o(.text) for __use_two_region_memory
    startup_stm32f40xx.o(.text) refers to system_stm32f4xx.o(i.SystemInit) for SystemInit
    startup_stm32f40xx.o(.text) refers to __main.o(!!!main) for __main
    startup_stm32f40xx.o(.text) refers to startup_stm32f40xx.o(HEAP) for Heap_Mem
    startup_stm32f40xx.o(.text) refers to startup_stm32f40xx.o(STACK) for Stack_Mem
    stm32f4xx_adc.o(i.ADC_DeInit) refers to stm32f4xx_rcc.o(i.RCC_APB2PeriphResetCmd) for RCC_APB2PeriphResetCmd
    stm32f4xx_can.o(i.CAN_DeInit) refers to stm32f4xx_rcc.o(i.RCC_APB1PeriphResetCmd) for RCC_APB1PeriphResetCmd
    stm32f4xx_can.o(i.CAN_GetITStatus) refers to stm32f4xx_can.o(i.CheckITStatus) for CheckITStatus
    stm32f4xx_cryp.o(i.CRYP_DeInit) refers to stm32f4xx_rcc.o(i.RCC_AHB2PeriphResetCmd) for RCC_AHB2PeriphResetCmd
    stm32f4xx_cryp_aes.o(i.CRYP_AES_CBC) refers to stm32f4xx_cryp.o(i.CRYP_KeyStructInit) for CRYP_KeyStructInit
    stm32f4xx_cryp_aes.o(i.CRYP_AES_CBC) refers to stm32f4xx_cryp.o(i.CRYP_FIFOFlush) for CRYP_FIFOFlush
    stm32f4xx_cryp_aes.o(i.CRYP_AES_CBC) refers to stm32f4xx_cryp.o(i.CRYP_Init) for CRYP_Init
    stm32f4xx_cryp_aes.o(i.CRYP_AES_CBC) refers to stm32f4xx_cryp.o(i.CRYP_KeyInit) for CRYP_KeyInit
    stm32f4xx_cryp_aes.o(i.CRYP_AES_CBC) refers to stm32f4xx_cryp.o(i.CRYP_Cmd) for CRYP_Cmd
    stm32f4xx_cryp_aes.o(i.CRYP_AES_CBC) refers to stm32f4xx_cryp.o(i.CRYP_GetFlagStatus) for CRYP_GetFlagStatus
    stm32f4xx_cryp_aes.o(i.CRYP_AES_CBC) refers to stm32f4xx_cryp.o(i.CRYP_IVInit) for CRYP_IVInit
    stm32f4xx_cryp_aes.o(i.CRYP_AES_CBC) refers to stm32f4xx_cryp.o(i.CRYP_GetCmdStatus) for CRYP_GetCmdStatus
    stm32f4xx_cryp_aes.o(i.CRYP_AES_CBC) refers to stm32f4xx_cryp.o(i.CRYP_DataIn) for CRYP_DataIn
    stm32f4xx_cryp_aes.o(i.CRYP_AES_CBC) refers to stm32f4xx_cryp.o(i.CRYP_DataOut) for CRYP_DataOut
    stm32f4xx_cryp_aes.o(i.CRYP_AES_CCM) refers to stm32f4xx_cryp.o(i.CRYP_KeyStructInit) for CRYP_KeyStructInit
    stm32f4xx_cryp_aes.o(i.CRYP_AES_CCM) refers to stm32f4xx_cryp.o(i.CRYP_FIFOFlush) for CRYP_FIFOFlush
    stm32f4xx_cryp_aes.o(i.CRYP_AES_CCM) refers to stm32f4xx_cryp.o(i.CRYP_KeyInit) for CRYP_KeyInit
    stm32f4xx_cryp_aes.o(i.CRYP_AES_CCM) refers to stm32f4xx_cryp.o(i.CRYP_IVInit) for CRYP_IVInit
    stm32f4xx_cryp_aes.o(i.CRYP_AES_CCM) refers to stm32f4xx_cryp.o(i.CRYP_Init) for CRYP_Init
    stm32f4xx_cryp_aes.o(i.CRYP_AES_CCM) refers to stm32f4xx_cryp.o(i.CRYP_PhaseConfig) for CRYP_PhaseConfig
    stm32f4xx_cryp_aes.o(i.CRYP_AES_CCM) refers to stm32f4xx_cryp.o(i.CRYP_DataIn) for CRYP_DataIn
    stm32f4xx_cryp_aes.o(i.CRYP_AES_CCM) refers to stm32f4xx_cryp.o(i.CRYP_Cmd) for CRYP_Cmd
    stm32f4xx_cryp_aes.o(i.CRYP_AES_CCM) refers to stm32f4xx_cryp.o(i.CRYP_GetCmdStatus) for CRYP_GetCmdStatus
[...]
    ..\User\hardware\adc\adc.c               0x00000000   Number         0  adc.o ABSOLUTE
    ..\User\hardware\can1\can1.c             0x00000000   Number         0  can1.o ABSOLUTE
    ..\User\hardware\delay\delay.c           0x00000000   Number         0  delay.o ABSOLUTE
    ..\User\hardware\rc\rc.c                 0x00000000   Number         0  rc.o ABSOLUTE
    ..\User\hardware\timer\timer.c           0x00000000   Number         0  timer.o ABSOLUTE
    ..\User\main.c                           0x00000000   Number         0  main.o ABSOLUTE
    ..\User\stm32f4xx_it.c                   0x00000000   Number         0  stm32f4xx_it.o ABSOLUTE
    ..\User\system_stm32f4xx.c               0x00000000   Number         0  system_stm32f4xx.o ABSOLUTE
    ..\User\task.c                           0x00000000   Number         0  task.o ABSOLUTE
    ..\\Library\\src\\misc.c                 0x00000000   Number         0  misc.o ABSOLUTE
    ..\\Library\\src\\stm32f4xx_adc.c        0x00000000   Number         0  stm32f4xx_adc.o ABSOLUTE
    ..\\Library\\src\\stm32f4xx_can.c        0x00000000   Number         0  stm32f4xx_can.o ABSOLUTE
    ..\\Library\\src\\stm32f4xx_cec.c        0x00000000   Number         0  stm32f4xx_cec.o ABSOLUTE
    ..\\Library\\src\\stm32f4xx_crc.c        0x00000000   Number         0  stm32f4xx_crc.o ABSOLUTE
    ..\\Library\\src\\stm32f4xx_cryp.c       0x00000000   Number         0  stm32f4xx_cryp.o ABSOLUTE
    ..\\Library\\src\\stm32f4xx_cryp_aes.c   0x00000000   Number         0  stm32f4xx_cryp_aes.o ABSOLUTE
    ..\\Library\\src\\stm32f4xx_cryp_des.c   0x00000000   Number         0  stm32f4xx_cryp_des.o ABSOLUTE
    ..\\Library\\src\\stm32f4xx_cryp_tdes.c  0x00000000   Number         0  stm32f4xx_cryp_tdes.o ABSOLUTE
    ..\\Library\\src\\stm32f4xx_dac.c        0x00000000   Number         0  stm32f4xx_dac.o ABSOLUTE
    ..\\Library\\src\\stm32f4xx_dbgmcu.c     0x00000000   Number         0  stm32f4xx_dbgmcu.o ABSOLUTE
    ..\\Library\\src\\stm32f4xx_dcmi.c       0x00000000   Number         0  stm32f4xx_dcmi.o ABSOLUTE
    ..\\Library\\src\\stm32f4xx_dfsdm.c      0x00000000   Number         0  stm32f4xx_dfsdm.o ABSOLUTE
    ..\\Library\\src\\stm32f4xx_dma.c        0x00000000   Number         0  stm32f4xx_dma.o ABSOLUTE
    ..\\Library\\src\\stm32f4xx_dma2d.c      0x00000000   Number         0  stm32f4xx_dma2d.o ABSOLUTE
    ..\\Library\\src\\stm32f4xx_dsi.c        0x00000000   Number         0  stm32f4xx_dsi.o ABSOLUTE
    ..\\Library\\src\\stm32f4xx_exti.c       0x00000000   Number         0  stm32f4xx_exti.o ABSOLUTE
    ..\\Library\\src\\stm32f4xx_flash.c      0x00000000   Number         0  stm32f4xx_flash.o ABSOLUTE
    ..\\Library\\src\\stm32f4xx_flash_ramfunc.c 0x00000000   Number         0  stm32f4xx_flash_ramfunc.o ABSOLUTE
    ..\\Library\\src\\stm32f4xx_fmpi2c.c     0x00000000   Number         0  stm32f4xx_fmpi2c.o ABSOLUTE
    ..\\Library\\src\\stm32f4xx_fsmc.c       0x00000000   Number         0  stm32f4xx_fsmc.o ABSOLUTE
    ..\\Library\\src\\stm32f4xx_gpio.c       0x00000000   Number         0  stm32f4xx_gpio.o ABSOLUTE
    ..\\Library\\src\\stm32f4xx_hash.c       0x00000000   Number         0  stm32f4xx_hash.o ABSOLUTE
    ..\\Library\\src\\stm32f4xx_hash_md5.c   0x00000000   Number         0  stm32f4xx_hash_md5.o ABSOLUTE
    ..\\Library\\src\\stm32f4xx_hash_sha1.c  0x00000000   Number         0  stm32f4xx_hash_sha1.o ABSOLUTE
    ..\\Library\\src\\stm32f4xx_i2c.c        0x00000000   Number         0  stm32f4xx_i2c.o ABSOLUTE
    ..\\Library\\src\\stm32f4xx_iwdg.c       0x00000000   Number         0  stm32f4xx_iwdg.o ABSOLUTE
    ..\\Library\\src\\stm32f4xx_lptim.c      0x00000000   Number         0  stm32f4xx_lptim.o ABSOLUTE
    ..\\Library\\src\\stm32f4xx_ltdc.c       0x00000000   Number         0  stm32f4xx_ltdc.o ABSOLUTE
    ..\\Library\\src\\stm32f4xx_pwr.c        0x00000000   Number         0  stm32f4xx_pwr.o ABSOLUTE
    ..\\Library\\src\\stm32f4xx_qspi.c       0x00000000   Number         0  stm32f4xx_qspi.o ABSOLUTE
    ..\\Library\\src\\stm32f4xx_rcc.c        0x00000000   Number         0  stm32f4xx_rcc.o ABSOLUTE
    ..\\Library\\src\\stm32f4xx_rng.c        0x00000000   Number         0  stm32f4xx_rng.o ABSOLUTE
    ..\\Library\\src\\stm32f4xx_rtc.c        0x00000000   Number         0  stm32f4xx_rtc.o ABSOLUTE
    ..\\Library\\src\\stm32f4xx_sai.c        0x00000000   Number         0  stm32f4xx_sai.o ABSOLUTE
    ..\\Library\\src\\stm32f4xx_sdio.c       0x00000000   Number         0  stm32f4xx_sdio.o ABSOLUTE
    ..\\Library\\src\\stm32f4xx_spdifrx.c    0x00000000   Number         0  stm32f4xx_spdifrx.o ABSOLUTE
    ..\\Library\\src\\stm32f4xx_spi.c        0x00000000   Number         0  stm32f4xx_spi.o ABSOLUTE
    ..\\Library\\src\\stm32f4xx_syscfg.c     0x00000000   Number         0  stm32f4xx_syscfg.o ABSOLUTE
    ..\\Library\\src\\stm32f4xx_tim.c        0x00000000   Number         0  stm32f4xx_tim.o ABSOLUTE
    ..\\Library\\src\\stm32f4xx_usart.c      0x00000000   Number         0  stm32f4xx_usart.o ABSOLUTE
    ..\\Library\\src\\stm32f4xx_wwdg.c       0x00000000   Number         0  stm32f4xx_wwdg.o ABSOLUTE
    ..\\User\\APP\\chassis.c                 0x00000000   Number         0  chassis.o ABSOLUTE
    ..\\User\\APP\\robomodule.c              0x00000000   Number         0  robomodule.o ABSOLUTE
    ..\\User\\APP\\sbus.c                    0x00000000   Number         0  sbus.o ABSOLUTE
    ..\\User\\APP\\ultrasonic.c              0x00000000   Number         0  ultrasonic.o ABSOLUTE
    ..\\User\\hardware\\JY901\\JY901.c       0x00000000   Number         0  jy901.o ABSOLUTE
    ..\\User\\hardware\\adc\\adc.c           0x00000000   Number         0  adc.o ABSOLUTE
    ..\\User\\hardware\\can1\\can1.c         0x00000000   Number         0  can1.o ABSOLUTE
    ..\\User\\hardware\\delay\\delay.c       0x00000000   Number         0  delay.o ABSOLUTE
    ..\\User\\hardware\\rc\\rc.c             0x00000000   Number         0  rc.o ABSOLUTE
    ..\\User\\hardware\\timer\\timer.c       0x00000000   Number         0  timer.o ABSOLUTE
    ..\\User\\main.c                         0x00000000   Number         0  main.o ABSOLUTE
    ..\\User\\stm32f4xx_it.c                 0x00000000   Number         0  stm32f4xx_it.o ABSOLUTE
    ..\\User\\system_stm32f4xx.c             0x00000000   Number         0  system_stm32f4xx.o ABSOLUTE
    ..\\User\\task.c                         0x00000000   Number         0  task.o ABSOLUTE
    dc.s                                     0x00000000   Number         0  dc.o ABSOLUTE
    RESET                                    0x08000000   Section      392  startup_stm32f40xx.o(RESET)
    !!!main                                  0x08000188   Section        8  __main.o(!!!main)
    !!!scatter                               0x08000190   Section       52  __scatter.o(!!!scatter)
    !!handler_copy                           0x080001c4   Section       26  __scatter_copy.o(!!handler_copy)
    !!handler_zi                             0x080001e0   Section       28  __scatter_zi.o(!!handler_zi)
    .ARM.Collect$$libinit$$00000000          0x080001fc   Section        2  libinit.o(.ARM.Collect$$libinit$$00000000)
    .ARM.Collect$$libinit$$00000001          0x080001fe   Section        4  libinit2.o(.ARM.Collect$$libinit$$00000001)
    .ARM.Collect$$libinit$$00000004          0x08000202   Section        0  libinit2.o(.ARM.Collect$$libinit$$00000004)
    .ARM.Collect$$libinit$$0000000A          0x08000202   Section        0  libinit2.o(.ARM.Collect$$libinit$$0000000A)
    .ARM.Collect$$libinit$$0000000C          0x08000202   Section        0  libinit2.o(.ARM.Collect$$libinit$$0000000C)
    .ARM.Collect$$libinit$$0000000E          0x08000202   Section        0  libinit2.o(.ARM.Collect$$libinit$$0000000E)
    .ARM.Collect$$libinit$$00000011          0x08000202   Section        0  libinit2.o(.ARM.Collect$$libinit$$00000011)
    .ARM.Collect$$libinit$$00000013          0x08000202   Section        0  libinit2.o(.ARM.Collect$$libinit$$00000013)
    .ARM.Collect$$libinit$$00000015          0x08000202   Section        0  libinit2.o(.ARM.Collect$$libinit$$00000015)
    .ARM.Collect$$libinit$$00000017          0x08000202   Section        0  libinit2.o(.ARM.Collect$$libinit$$00000017)
    .ARM.Collect$$libinit$$00000019          0x08000202   Section        0  libinit2.o(.ARM.Collect$$libinit$$00000019)
    .ARM.Collect$$libinit$$0000001B          0x08000202   Section        0  libinit2.o(.ARM.Collect$$libinit$$0000001B)
    .ARM.Collect$$libinit$$0000001D          0x08000202   Section        0  libinit2.o(.ARM.Collect$$libinit$$0000001D)
    .ARM.Collect$$libinit$$0000001F          0x08000202   Section        0  libinit2.o(.ARM.Collect$$libinit$$0000001F)
    .ARM.Collect$$libinit$$00000021          0x08000202   Section        0  libinit2.o(.ARM.Collect$$libinit$$00000021)
    .ARM.Collect$$libinit$$00000023          0x08000202   Section        0  libinit2.o(.ARM.Collect$$libinit$$00000023)
    .ARM.Collect$$libinit$$00000025          0x08000202   Section        0  libinit2.o(.ARM.Collect$$libinit$$00000025)
    .ARM.Collect$$libinit$$0000002C          0x08000202   Section        0  libinit2.o(.ARM.Collect$$libinit$$0000002C)
    .ARM.Collect$$libinit$$0000002E          0x08000202   Section        0  libinit2.o(.ARM.Collect$$libinit$$0000002E)
    .ARM.Collect$$libinit$$00000030          0x08000202   Section        0  libinit2.o(.ARM.Collect$$libinit$$00000030)
    .ARM.Collect$$libinit$$00000032          0x08000202   Section        0  libinit2.o(.ARM.Collect$$libinit$$00000032)
    .ARM.Collect$$libinit$$00000033          0x08000202   Section        2  libinit2.o(.ARM.Collect$$libinit$$00000033)
    .ARM.Collect$$libshutdown$$00000000      0x08000204   Section        2  libshutdown.o(.ARM.Collect$$libshutdown$$00000000)
    .ARM.Collect$$libshutdown$$00000002      0x08000206   Section        0  libshutdown2.o(.ARM.Collect$$libshutdown$$00000002)
    .ARM.Collect$$libshutdown$$00000004      0x08000206   Section        0  libshutdown2.o(.ARM.Collect$$libshutdown$$00000004)
    .ARM.Collect$$libshutdown$$00000007      0x08000206   Section        0  libshutdown2.o(.ARM.Collect$$libshutdown$$00000007)
    .ARM.Collect$$libshutdown$$0000000A      0x08000206   Section        0  libshutdown2.o(.ARM.Collect$$libshutdown$$0000000A)
    .ARM.Collect$$libshutdown$$0000000C      0x08000206   Section        0  libshutdown2.o(.ARM.Collect$$libshutdown$$0000000C)
    .ARM.Collect$$libshutdown$$0000000F      0x08000206   Section        0  libshutdown2.o(.ARM.Collect$$libshutdown$$0000000F)
    .ARM.Collect$$libshutdown$$00000010      0x08000206   Section        2  libshutdown2.o(.ARM.Collect$$libshutdown$$00000010)
    .ARM.Collect$$rtentry$$00000000          0x08000208   Section        0  __rtentry.o(.ARM.Collect$$rtentry$$00000000)
    .ARM.Collect$$rtentry$$00000002          0x08000208   Section        0  __rtentry2.o(.ARM.Collect$$rtentry$$00000002)
    .ARM.Collect$$rtentry$$00000004          0x08000208   Section        6  __rtentry4.o(.ARM.Collect$$rtentry$$00000004)
    .ARM.Collect$$rtentry$$00000009          0x0800020e   Section        0  __rtentry2.o(.ARM.Collect$$rtentry$$00000009)
    .ARM.Collect$$rtentry$$0000000A          0x0800020e   Section        4  __rtentry2.o(.ARM.Collect$$rtentry$$0000000A)
    .ARM.Collect$$rtentry$$0000000C          0x08000212   Section        0  __rtentry2.o(.ARM.Collect$$rtentry$$0000000C)
    .ARM.Collect$$rtentry$$0000000D          0x08000212   Section        8  __rtentry2.o(.ARM.Collect$$rtentry$$0000000D)
    .ARM.Collect$$rtexit$$00000000           0x0800021a   Section        2  rtexit.o(.ARM.Collect$$rtexit$$00000000)
    .ARM.Collect$$rtexit$$00000002           0x0800021c   Section        0  rtexit2.o(.ARM.Collect$$rtexit$$00000002)
    .ARM.Collect$$rtexit$$00000003           0x0800021c   Section        4  rtexit2.o(.ARM.Collect$$rtexit$$00000003)
    .ARM.Collect$$rtexit$$00000004           0x08000220   Section        6  rtexit2.o(.ARM.Collect$$rtexit$$00000004)
    .text                                    0x08000228   Section       64  startup_stm32f40xx.o(.text)
    $v0                                      0x08000228   Number         0  startup_stm32f40xx.o(.text)
    .text                                    0x08000268   Section        0  heapauxi.o(.text)
    .text                                    0x0800026e   Section       74  sys_stackheap_outer.o(.text)
    .text                                    0x080002b8   Section        0  exit.o(.text)
    .text                                    0x080002cc   Section        8  libspace.o(.text)
    .text                                    0x080002d4   Section        0  sys_exit.o(.text)
    .text                                    0x080002e0   Section        2  use_no_semi.o(.text)
    .text                                    0x080002e2   Section        0  indicate_semi.o(.text)
    i.BusFault_Handler                       0x080002e2   Section        0  stm32f4xx_it.o(i.BusFault_Handler)
    i.CAN1_Configuration                     0x080002e8   Section        0  can1.o(i.CAN1_Configuration)
    i.CAN1_RX0_IRQHandler                    0x080003f8   Section        0  can1.o(i.CAN1_RX0_IRQHandler)
    i.CAN1_TX_IRQHandler                     0x080004d8   Section        0  can1.o(i.CAN1_TX_IRQHandler)
    i.CAN_ClearITPendingBit                  0x080004fc   Section        0  stm32f4xx_can.o(i.CAN_ClearITPendingBit)
    i.CAN_DeInit                             0x080005a4   Section        0  stm32f4xx_can.o(i.CAN_DeInit)
    i.CAN_FilterInit                         0x080005dc   Section        0  stm32f4xx_can.o(i.CAN_FilterInit)
    i.CAN_GetITStatus                        0x080006e4   Section        0  stm32f4xx_can.o(i.CAN_GetITStatus)
    i.CAN_ITConfig                           0x08000804   Section        0  stm32f4xx_can.o(i.CAN_ITConfig)
    i.CAN_Init                               0x08000816   Section        0  stm32f4xx_can.o(i.CAN_Init)
    i.CAN_Receive                            0x0800092a   Section        0  stm32f4xx_can.o(i.CAN_Receive)
    i.CAN_StructInit                         0x08000a1a   Section        0  stm32f4xx_can.o(i.CAN_StructInit)
    i.CAN_Transmit                           0x08000a3a   Section        0  stm32f4xx_can.o(i.CAN_Transmit)
    i.CAN_TransmitStatus                     0x08000b60   Section        0  stm32f4xx_can.o(i.CAN_TransmitStatus)
    i.CheckITStatus                          0x08000c00   Section        0  stm32f4xx_can.o(i.CheckITStatus)
    CheckITStatus                            0x08000c01   Thumb Code    18  stm32f4xx_can.o(i.CheckITStatus)
    i.CopeSerial2Data                        0x08000c14   Section        0  jy901.o(i.CopeSerial2Data)
    i.DMA_ClearFlag                          0x08000d48   Section        0  stm32f4xx_dma.o(i.DMA_ClearFlag)
    i.DMA_Cmd                                0x08000d7c   Section        0  stm32f4xx_dma.o(i.DMA_Cmd)
    i.DMA_DeInit                             0x08000d94   Section        0  stm32f4xx_dma.o(i.DMA_DeInit)
    i.DMA_DoubleBufferModeCmd                0x08000eec   Section        0  stm32f4xx_dma.o(i.DMA_DoubleBufferModeCmd)
    i.DMA_DoubleBufferModeConfig             0x08000f02   Section        0  stm32f4xx_dma.o(i.DMA_DoubleBufferModeConfig)
    i.DMA_GetCurrDataCounter                 0x08000f1a   Section        0  stm32f4xx_dma.o(i.DMA_GetCurrDataCounter)
    i.DMA_GetCurrentMemoryTarget             0x08000f22   Section        0  stm32f4xx_dma.o(i.DMA_GetCurrentMemoryTarget)
    i.DMA_Init                               0x08000f38   Section        0  stm32f4xx_dma.o(i.DMA_Init)
    i.DMA_SetCurrDataCounter                 0x08000f90   Section        0  stm32f4xx_dma.o(i.DMA_SetCurrDataCounter)
    i.DebugMon_Handler                       0x08000f94   Section        0  stm32f4xx_it.o(i.DebugMon_Handler)
    i.GPIO_Init                              0x08000f96   Section        0  stm32f4xx_gpio.o(i.GPIO_Init)
    i.GPIO_PinAFConfig                       0x08001026   Section        0  stm32f4xx_gpio.o(i.GPIO_PinAFConfig)
    i.GPIO_ReadInputDataBit                  0x0800106c   Section        0  stm32f4xx_gpio.o(i.GPIO_ReadInputDataBit)
    i.GPIO_ResetBits                         0x0800107e   Section        0  stm32f4xx_gpio.o(i.GPIO_ResetBits)
    i.GPIO_SetBits                           0x08001082   Section        0  stm32f4xx_gpio.o(i.GPIO_SetBits)
    i.HardFault_Handler                      0x08001086   Section        0  stm32f4xx_it.o(i.HardFault_Handler)
    i.JY901_usart2_Init                      0x0800108c   Section        0  jy901.o(i.JY901_usart2_Init)
    i.LED_Init                               0x0800116c   Section        0  task.o(i.LED_Init)
    i.LS_Driver1_Enable                      0x080011ac   Section        0  can1.o(i.LS_Driver1_Enable)
    i.LS_Driver1_Set_Rpm                     0x08001228   Section        0  can1.o(i.LS_Driver1_Set_Rpm)
    i.LS_Driver2_Enable                      0x080012a4   Section        0  can1.o(i.LS_Driver2_Enable)
    i.LS_Driver2_Set_Rpm                     0x08001320   Section        0  can1.o(i.LS_Driver2_Set_Rpm)
    i.MemManage_Handler                      0x0800139c   Section        0  stm32f4xx_it.o(i.MemManage_Handler)
    i.NMI_Handler                            0x080013a0   Section        0  stm32f4xx_it.o(i.NMI_Handler)
    i.NVIC_Init                              0x080013a4   Section        0  misc.o(i.NVIC_Init)
    i.NVIC_PriorityGroupConfig               0x0800141c   Section        0  misc.o(i.NVIC_PriorityGroupConfig)
    i.PendSV_Handler                         0x08001430   Section        0  stm32f4xx_it.o(i.PendSV_Handler)
    i.RCC_AHB1PeriphClockCmd                 0x08001434   Section        0  stm32f4xx_rcc.o(i.RCC_AHB1PeriphClockCmd)
    i.RCC_APB1PeriphClockCmd                 0x08001454   Section        0  stm32f4xx_rcc.o(i.RCC_APB1PeriphClockCmd)
    i.RCC_APB1PeriphResetCmd                 0x08001474   Section        0  stm32f4xx_rcc.o(i.RCC_APB1PeriphResetCmd)
    i.RCC_APB2PeriphClockCmd                 0x08001494   Section        0  stm32f4xx_rcc.o(i.RCC_APB2PeriphClockCmd)
    i.RCC_APB2PeriphResetCmd                 0x080014b4   Section        0  stm32f4xx_rcc.o(i.RCC_APB2PeriphResetCmd)
    i.RCC_GetClocksFreq                      0x080014d4   Section        0  stm32f4xx_rcc.o(i.RCC_GetClocksFreq)
    i.RC_Init                                0x080015bc   Section        0  rc.o(i.RC_Init)
    i.Remote_Config                          0x0800170c   Section        0  sbus.o(i.Remote_Config)
    i.SBUS_Decode                            0x08001720   Section        0  sbus.o(i.SBUS_Decode)
    SBUS_Decode                              0x08001721   Thumb Code   398  sbus.o(i.SBUS_Decode)
    i.SVC_Handler                            0x080018b4   Section        0  stm32f4xx_it.o(i.SVC_Handler)
    i.SetSysClock                            0x080018b8   Section        0  system_stm32f4xx.o(i.SetSysClock)
    SetSysClock                              0x080018b9   Thumb Code   220  system_stm32f4xx.o(i.SetSysClock)
    i.SysTick_CLKSourceConfig                0x080019a4   Section        0  misc.o(i.SysTick_CLKSourceConfig)
    i.SysTick_Handler                        0x080019cc   Section        0  stm32f4xx_it.o(i.SysTick_Handler)
    i.SystemInit                             0x080019d4   Section        0  system_stm32f4xx.o(i.SystemInit)
    i.TASKS_Ctrl                             0x08001a3c   Section        0  task.o(i.TASKS_Ctrl)
    i.TASKS_Init                             0x08001bd0   Section        0  task.o(i.TASKS_Init)
    i.TASKS_Timer_H_1000hz                   0x08001c2c   Section        0  task.o(i.TASKS_Timer_H_1000hz)
    i.TASKS_Timer_H_100hz                    0x08001c30   Section        0  task.o(i.TASKS_Timer_H_100hz)
    i.TASKS_Timer_H_10hz                     0x08001c68   Section        0  task.o(i.TASKS_Timer_H_10hz)
    i.TASKS_Timer_H_1hz                      0x08001c6c   Section        0  task.o(i.TASKS_Timer_H_1hz)
    i.TASKS_Timer_H_50hz                     0x08001cb4   Section        0  task.o(i.TASKS_Timer_H_50hz)
    i.TASKS_Timer_L_1000hz                   0x08001cb6   Section        0  task.o(i.TASKS_Timer_L_1000hz)
    i.TASKS_Timer_L_100hz                    0x08001cb8   Section        0  task.o(i.TASKS_Timer_L_100hz)
    i.TASKS_Timer_L_10hz                     0x08001cba   Section        0  task.o(i.TASKS_Timer_L_10hz)
    i.TASKS_Timer_L_1hz                      0x08001cbc   Section        0  task.o(i.TASKS_Timer_L_1hz)
    i.TASKS_Timer_L_50hz                     0x08001cbe   Section        0  task.o(i.TASKS_Timer_L_50hz)
    i.TIM3_IRQHandler                        0x08001cc0   Section        0  timer.o(i.TIM3_IRQHandler)
    i.TIM3_Init                              0x08001d50   Section        0  timer.o(i.TIM3_Init)
    i.TIM6_DAC_IRQHandler                    0x08001e2c   Section        0  timer.o(i.TIM6_DAC_IRQHandler)
    i.TIM6_Init                              0x08001ebc   Section        0  timer.o(i.TIM6_Init)
    i.TIM_ARRPreloadConfig                   0x08001f34   Section        0  stm32f4xx_tim.o(i.TIM_ARRPreloadConfig)
    i.TIM_ClearFlag                          0x08001f4c   Section        0  stm32f4xx_tim.o(i.TIM_ClearFlag)
    i.TIM_Cmd                                0x08001f52   Section        0  stm32f4xx_tim.o(i.TIM_Cmd)
    i.TIM_DeInit                             0x08001f6c   Section        0  stm32f4xx_tim.o(i.TIM_DeInit)
    i.TIM_GetITStatus                        0x080020fc   Section        0  stm32f4xx_tim.o(i.TIM_GetITStatus)
    i.TIM_ITConfig                           0x0800211e   Section        0  stm32f4xx_tim.o(i.TIM_ITConfig)
    i.TIM_OC2Init                            0x08002130   Section        0  stm32f4xx_tim.o(i.TIM_OC2Init)
    i.TIM_OC2PreloadConfig                   0x080021d4   Section        0  stm32f4xx_tim.o(i.TIM_OC2PreloadConfig)
    i.TIM_TimeBaseInit                       0x080021f0   Section        0  stm32f4xx_tim.o(i.TIM_TimeBaseInit)
    i.TimingDelay_Decrement                  0x08002274   Section        0  main.o(i.TimingDelay_Decrement)
    i.USART1_IRQHandler                      0x0800228c   Section        0  sbus.o(i.USART1_IRQHandler)
    i.USART2_IRQHandler                      0x08002370   Section        0  jy901.o(i.USART2_IRQHandler)
    i.USART_ClearFlag                        0x080023a4   Section        0  stm32f4xx_usart.o(i.USART_ClearFlag)
    i.USART_ClearITPendingBit                0x080023b6   Section        0  stm32f4xx_usart.o(i.USART_ClearITPendingBit)
    i.USART_Cmd                              0x080023d4   Section        0  stm32f4xx_usart.o(i.USART_Cmd)
    i.USART_DMACmd                           0x080023ec   Section        0  stm32f4xx_usart.o(i.USART_DMACmd)
    i.USART_DeInit                           0x08002400   Section        0  stm32f4xx_usart.o(i.USART_DeInit)
    i.USART_GetITStatus                      0x080024f0   Section        0  stm32f4xx_usart.o(i.USART_GetITStatus)
    i.USART_ITConfig                         0x08002544   Section        0  stm32f4xx_usart.o(i.USART_ITConfig)
    i.USART_Init                             0x08002590   Section        0  stm32f4xx_usart.o(i.USART_Init)
    i.USART_ReceiveData                      0x08002664   Section        0  stm32f4xx_usart.o(i.USART_ReceiveData)
    i.UsageFault_Handler                     0x0800266e   Section        0  stm32f4xx_it.o(i.UsageFault_Handler)
    i.angle_cal                              0x08002674   Section        0  jy901.o(i.angle_cal)
    i.chassis_acc_vel                        0x0800275c   Section        0  chassis.o(i.chassis_acc_vel)
    i.chassis_drive                          0x0800277c   Section        0  chassis.o(i.chassis_drive)
    i.chassis_forward                        0x0800279c   Section        0  chassis.o(i.chassis_forward)
    i.chassis_set_pos                        0x08002848   Section        0  chassis.o(i.chassis_set_pos)
    i.chassis_set_target_vel                 0x08002880   Section        0  chassis.o(i.chassis_set_target_vel)
    i.chassis_set_vel                        0x08002890   Section        0  chassis.o(i.chassis_set_vel)
    i.chassis_vel_to_rpm                     0x080028a8   Section        0  chassis.o(i.chassis_vel_to_rpm)
    i.delayInit                              0x080029cc   Section        0  delay.o(i.delayInit)
    i.delay_ms                               0x08002a00   Section        0  delay.o(i.delay_ms)
    i.delay_xms                              0x08002a38   Section        0  delay.o(i.delay_xms)
    i.distance_detect                        0x08002a84   Section        0  ultrasonic.o(i.distance_detect)
    i.get_remote_control_point               0x08002a9c   Section        0  sbus.o(i.get_remote_control_point)
    i.main                                   0x08002aa4   Section        0  main.o(i.main)
    i.map                                    0x08002aac   Section        0  robomodule.o(i.map)
    i.ultrasonic_init                        0x08002acc   Section        0  ultrasonic.o(i.ultrasonic_init)
    i.yaw_difference                         0x08002b00   Section        0  chassis.o(i.yaw_difference)
    i.yaw_stable                             0x08002bc8   Section        0  chassis.o(i.yaw_stable)
    x$fpl$d2f                                0x08002c24   Section       98  d2f.o(x$fpl$d2f)
    $v0                                      0x08002c24   Number         0  d2f.o(x$fpl$d2f)
    x$fpl$dadd                               0x08002c88   Section      336  daddsub_clz.o(x$fpl$dadd)
    $v0                                      0x08002c88   Number         0  daddsub_clz.o(x$fpl$dadd)
    _dadd1                                   0x08002c99   Thumb Code     0  daddsub_clz.o(x$fpl$dadd)
    x$fpl$ddiv                               0x08002dd8   Section      688  ddiv.o(x$fpl$ddiv)
    $v0                                      0x08002dd8   Number         0  ddiv.o(x$fpl$ddiv)
    ddiv_entry                               0x08002ddf   Thumb Code     0  ddiv.o(x$fpl$ddiv)
    x$fpl$dflt                               0x08003088   Section       46  dflt_clz.o(x$fpl$dflt)
    $v0                                      0x08003088   Number         0  dflt_clz.o(x$fpl$dflt)
    x$fpl$dmul                               0x080030b8   Section      340  dmul.o(x$fpl$dmul)
    $v0                                      0x080030b8   Number         0  dmul.o(x$fpl$dmul)
    x$fpl$dnaninf                            0x0800320c   Section      156  dnaninf.o(x$fpl$dnaninf)
    $v0                                      0x0800320c   Number         0  dnaninf.o(x$fpl$dnaninf)
    x$fpl$dretinf                            0x080032a8   Section       12  dretinf.o(x$fpl$dretinf)
    $v0                                      0x080032a8   Number         0  dretinf.o(x$fpl$dretinf)
    x$fpl$drsb                               0x080032b4   Section       22  daddsub_clz.o(x$fpl$drsb)
    $v0                                      0x080032b4   Number         0  daddsub_clz.o(x$fpl$drsb)
    x$fpl$dsub                               0x080032cc   Section      468  daddsub_clz.o(x$fpl$dsub)
    $v0                                      0x080032cc   Number         0  daddsub_clz.o(x$fpl$dsub)
    _dsub1                                   0x080032dd   Thumb Code     0  daddsub_clz.o(x$fpl$dsub)
    x$fpl$fpinit                             0x080034a0   Section       10  fpinit.o(x$fpl$fpinit)
    $v0                                      0x080034a0   Number         0  fpinit.o(x$fpl$fpinit)
    x$fpl$fretinf                            0x080034aa   Section       10  fretinf.o(x$fpl$fretinf)
    $v0                                      0x080034aa   Number         0  fretinf.o(x$fpl$fretinf)
    x$fpl$usenofp                            0x080034b4   Section        0  usenofp.o(x$fpl$usenofp)
    .data                                    0x20000000   Section       16  stm32f4xx_rcc.o(.data)
    APBAHBPrescTable                         0x20000000   Data          16  stm32f4xx_rcc.o(.data)
    .data                                    0x20000010   Section        4  main.o(.data)
    uwTimingDelay                            0x20000010   Data           4  main.o(.data)
    .data                                    0x20000014   Section       36  task.o(.data)
    .data                                    0x20000038   Section        8  delay.o(.data)
    fac_us                                   0x20000038   Data           1  delay.o(.data)
    fac_ms                                   0x2000003c   Data           4  delay.o(.data)
    .data                                    0x20000040   Section        4  timer.o(.data)
    i                                        0x20000040   Data           2  timer.o(.data)
    i                                        0x20000042   Data           2  timer.o(.data)
    .data                                    0x20000044   Section       44  can1.o(.data)
    .data                                    0x20000070   Section       89  jy901.o(.data)
    ucRxCnt                                  0x200000c8   Data           1  jy901.o(.data)
    .data                                    0x200000ca   Section       10  sbus.o(.data)
    msg                                      0x200000ca   Data           8  sbus.o(.data)
    this_time_rx_len                         0x200000d2   Data           2  sbus.o(.data)
    .bss                                     0x200000d4   Section      250  jy901.o(.bss)
    ucRxBuffer                               0x200000d4   Data         250  jy901.o(.bss)
    .bss                                     0x200001ce   Section      150  sbus.o(.bss)
    .bss                                     0x20000264   Section       96  chassis.o(.bss)
    .bss                                     0x200002c4   Section       96  libspace.o(.bss)
    HEAP                                     0x20000328   Section      512  startup_stm32f40xx.o(HEAP)
    Heap_Mem                                 0x20000328   Data         512  startup_stm32f40xx.o(HEAP)
    STACK                                    0x20000528   Section     1024  startup_stm32f40xx.o(STACK)
    Stack_Mem                                0x20000528   Data        1024  startup_stm32f40xx.o(STACK)
    __initial_sp                             0x20000928   Data           0  startup_stm32f40xx.o(STACK)

    Global Symbols

    Symbol Name                              Value     Ov Type        Size  Object(Section)

    BuildAttributes$$THM_ISAv4$E$P$D$K$B$S$7EM$VFPi3$EXTD16$VFPS$VFMA$PE$A:L22UL41UL21$X:L11$S22US41US21$IEEE1$IW$USESV6$~STKCKD$USESV7$~SHL$OTIME$ROPI$IEEEJ$EBA8$UX$STANDARDLIB$REQ8$PRES8$EABIv2 0x00000000   Number         0  anon$$obj.o ABSOLUTE
    __ARM_use_no_argv                        0x00000000   Number         0  main.o ABSOLUTE
    __ARM_exceptions_init                     - Undefined Weak Reference
    __alloca_initialize                       - Undefined Weak Reference
    __arm_preinit_                            - Undefined Weak Reference
    __cpp_initialize__aeabi_                  - Undefined Weak Reference
    __cxa_finalize                            - Undefined Weak Reference
    __rt_locale                               - Undefined Weak Reference
    __sigvec_lookup                           - Undefined Weak Reference
    _atexit_init                              - Undefined Weak Reference
    _call_atexit_fns                          - Undefined Weak Reference
    _clock_init                               - Undefined Weak Reference
    _fp_trap_init                             - Undefined Weak Reference
    _fp_trap_shutdown                         - Undefined Weak Reference
    _get_lc_collate                           - Undefined Weak Reference
    _get_lc_ctype                             - Undefined Weak Reference
    _get_lc_monetary                          - Undefined Weak Reference
    _get_lc_numeric                           - Undefined Weak Reference
    _get_lc_time                              - Undefined Weak Reference
    _getenv_init                              - Undefined Weak Reference
    _handle_redirection                       - Undefined Weak Reference
    _init_alloc                               - Undefined Weak Reference
    _init_user_alloc                          - Undefined Weak Reference
    _initio                                   - Undefined Weak Reference
    _rand_init                                - Undefined Weak Reference
    _signal_finish                            - Undefined Weak Reference
    _signal_init                              - Undefined Weak Reference
    _terminate_alloc                          - Undefined Weak Reference
    _terminate_user_alloc                     - Undefined Weak Reference
    _terminateio                              - Undefined Weak Reference
    __Vectors_Size                           0x00000188   Number         0  startup_stm32f40xx.o ABSOLUTE
    __Vectors                                0x08000000   Data           4  startup_stm32f40xx.o(RESET)
    __Vectors_End                            0x08000188   Data           0  startup_stm32f40xx.o(RESET)
    __main                                   0x08000189   Thumb Code     8  __main.o(!!!main)
    __scatterload                            0x08000191   Thumb Code     0  __scatter.o(!!!scatter)
    __scatterload_rt2                        0x08000191   Thumb Code    44  __scatter.o(!!!scatter)
    __scatterload_rt2_thumb_only             0x08000191   Thumb Code     0  __scatter.o(!!!scatter)
    __scatterload_null                       0x0800019f   Thumb Code     0  __scatter.o(!!!scatter)
    __scatterload_copy                       0x080001c5   Thumb Code    26  __scatter_copy.o(!!handler_copy)
    __scatterload_zeroinit                   0x080001e1   Thumb Code    28  __scatter_zi.o(!!handler_zi)
    __rt_lib_init                            0x080001fd   Thumb Code     0  libinit.o(.ARM.Collect$$libinit$$00000000)
    __rt_lib_init_fp_1                       0x080001ff   Thumb Code     0  libinit2.o(.ARM.Collect$$libinit$$00000001)
    __rt_lib_init_alloca_1                   0x08000203   Thumb Code     0  libinit2.o(.ARM.Collect$$libinit$$0000002E)
    __rt_lib_init_argv_1                     0x08000203   Thumb Code     0  libinit2.o(.ARM.Collect$$libinit$$0000002C)
    __rt_lib_init_atexit_1                   0x08000203   Thumb Code     0  libinit2.o(.ARM.Collect$$libinit$$0000001B)
    __rt_lib_init_clock_1                    0x08000203   Thumb Code     0  libinit2.o(.ARM.Collect$$libinit$$00000021)
    __rt_lib_init_cpp_1                      0x08000203   Thumb Code     0  libinit2.o(.ARM.Collect$$libinit$$00000032)
    __rt_lib_init_exceptions_1               0x08000203   Thumb Code     0  libinit2.o(.ARM.Collect$$libinit$$00000030)
    __rt_lib_init_fp_trap_1                  0x08000203   Thumb Code     0  libinit2.o(.ARM.Collect$$libinit$$0000001F)
    __rt_lib_init_getenv_1                   0x08000203   Thumb Code     0  libinit2.o(.ARM.Collect$$libinit$$00000023)
    __rt_lib_init_heap_1                     0x08000203   Thumb Code     0  libinit2.o(.ARM.Collect$$libinit$$0000000A)
    __rt_lib_init_lc_collate_1               0x08000203   Thumb Code     0  libinit2.o(.ARM.Collect$$libinit$$00000011)
    __rt_lib_init_lc_ctype_1                 0x08000203   Thumb Code     0  libinit2.o(.ARM.Collect$$libinit$$00000013)
    __rt_lib_init_lc_monetary_1              0x08000203   Thumb Code     0  libinit2.o(.ARM.Collect$$libinit$$00000015)
    __rt_lib_init_lc_numeric_1               0x08000203   Thumb Code     0  libinit2.o(.ARM.Collect$$libinit$$00000017)
    __rt_lib_init_lc_time_1                  0x08000203   Thumb Code     0  libinit2.o(.ARM.Collect$$libinit$$00000019)
    __rt_lib_init_preinit_1                  0x08000203   Thumb Code     0  libinit2.o(.ARM.Collect$$libinit$$00000004)
    __rt_lib_init_rand_1                     0x08000203   Thumb Code     0  libinit2.o(.ARM.Collect$$libinit$$0000000E)
    __rt_lib_init_return                     0x08000203   Thumb Code     0  libinit2.o(.ARM.Collect$$libinit$$00000033)
    __rt_lib_init_signal_1                   0x08000203   Thumb Code     0  libinit2.o(.ARM.Collect$$libinit$$0000001D)
    __rt_lib_init_stdio_1                    0x08000203   Thumb Code     0  libinit2.o(.ARM.Collect$$libinit$$00000025)
    __rt_lib_init_user_alloc_1               0x08000203   Thumb Code     0  libinit2.o(.ARM.Collect$$libinit$$0000000C)
    __rt_lib_shutdown                        0x08000205   Thumb Code     0  libshutdown.o(.ARM.Collect$$libshutdown$$00000000)
    __rt_lib_shutdown_cpp_1                  0x08000207   Thumb Code     0  libshutdown2.o(.ARM.Collect$$libshutdown$$00000002)
    __rt_lib_shutdown_fp_trap_1              0x08000207   Thumb Code     0  libshutdown2.o(.ARM.Collect$$libshutdown$$00000007)
    __rt_lib_shutdown_heap_1                 0x08000207   Thumb Code     0  libshutdown2.o(.ARM.Collect$$libshutdown$$0000000F)
    __rt_lib_shutdown_return                 0x08000207   Thumb Code     0  libshutdown2.o(.ARM.Collect$$libshutdown$$00000010)
    __rt_lib_shutdown_signal_1               0x08000207   Thumb Code     0  libshutdown2.o(.ARM.Collect$$libshutdown$$0000000A)
    __rt_lib_shutdown_stdio_1                0x08000207   Thumb Code     0  libshutdown2.o(.ARM.Collect$$libshutdown$$00000004)
    __rt_lib_shutdown_user_alloc_1           0x08000207   Thumb Code     0  libshutdown2.o(.ARM.Collect$$libshutdown$$0000000C)
    __rt_entry                               0x08000209   Thumb Code     0  __rtentry.o(.ARM.Collect$$rtentry$$00000000)
    __rt_entry_presh_1                       0x08000209   Thumb Code     0  __rtentry2.o(.ARM.Collect$$rtentry$$00000002)
    __rt_entry_sh                            0x08000209   Thumb Code     0  __rtentry4.o(.ARM.Collect$$rtentry$$00000004)
    __rt_entry_li                            0x0800020f   Thumb Code     0  __rtentry2.o(.ARM.Collect$$rtentry$$0000000A)
    __rt_entry_postsh_1                      0x0800020f   Thumb Code     0  __rtentry2.o(.ARM.Collect$$rtentry$$00000009)
    __rt_entry_main                          0x08000213   Thumb Code     0  __rtentry2.o(.ARM.Collect$$rtentry$$0000000D)
    __rt_entry_postli_1                      0x08000213   Thumb Code     0  __rtentry2.o(.ARM.Collect$$rtentry$$0000000C)
    __rt_exit                                0x0800021b   Thumb Code     0  rtexit.o(.ARM.Collect$$rtexit$$00000000)
    __rt_exit_ls                             0x0800021d   Thumb Code     0  rtexit2.o(.ARM.Collect$$rtexit$$00000003)
    __rt_exit_prels_1                        0x0800021d   Thumb Code     0  rtexit2.o(.ARM.Collect$$rtexit$$00000002)
    __rt_exit_exit                           0x08000221   Thumb Code     0  rtexit2.o(.ARM.Collect$$rtexit$$00000004)
    Reset_Handler                            0x08000229   Thumb Code     8  startup_stm32f40xx.o(.text)
    ADC_IRQHandler                           0x08000243   Thumb Code     0  startup_stm32f40xx.o(.text)
    CAN1_RX1_IRQHandler                      0x08000243   Thumb Code     0  startup_stm32f40xx.o(.text)
    CAN1_SCE_IRQHandler                      0x08000243   Thumb Code     0  startup_stm32f40xx.o(.text)
    CAN2_RX0_IRQHandler                      0x08000243   Thumb Code     0  startup_stm32f40xx.o(.text)
    CAN2_RX1_IRQHandler                      0x08000243   Thumb Code     0  startup_stm32f40xx.o(.text)
    CAN2_SCE_IRQHandler                      0x08000243   Thumb Code     0  startup_stm32f40xx.o(.text)
    CAN2_TX_IRQHandler                       0x08000243   Thumb Code     0  startup_stm32f40xx.o(.text)
    CRYP_IRQHandler                          0x08000243   Thumb Code     0  startup_stm32f40xx.o(.text)
    DCMI_IRQHandler                          0x08000243   Thumb Code     0  startup_stm32f40xx.o(.text)
    DMA1_Stream0_IRQHandler                  0x08000243   Thumb Code     0  startup_stm32f40xx.o(.text)
    DMA1_Stream1_IRQHandler                  0x08000243   Thumb Code     0  startup_stm32f40xx.o(.text)
    DMA1_Stream2_IRQHandler                  0x08000243   Thumb Code     0  startup_stm32f40xx.o(.text)
    DMA1_Stream3_IRQHandler                  0x08000243   Thumb Code     0  startup_stm32f40xx.o(.text)
    DMA1_Stream4_IRQHandler                  0x08000243   Thumb Code     0  startup_stm32f40xx.o(.text)
    DMA1_Stream5_IRQHandler                  0x08000243   Thumb Code     0  startup_stm32f40xx.o(.text)
    DMA1_Stream6_IRQHandler                  0x08000243   Thumb Code     0  startup_stm32f40xx.o(.text)
    DMA1_Stream7_IRQHandler                  0x08000243   Thumb Code     0  startup_stm32f40xx.o(.text)
    DMA2_Stream0_IRQHandler                  0x08000243   Thumb Code     0  startup_stm32f40xx.o(.text)
    DMA2_Stream1_IRQHandler                  0x08000243   Thumb Code     0  startup_stm32f40xx.o(.text)
    DMA2_Stream2_IRQHandler                  0x08000243   Thumb Code     0  startup_stm32f40xx.o(.text)
    DMA2_Stream3_IRQHandler                  0x08000243   Thumb Code     0  startup_stm32f40xx.o(.text)
    DMA2_Stream4_IRQHandler                  0x08000243   Thumb Code     0  startup_stm32f40xx.o(.text)
    DMA2_Stream5_IRQHandler                  0x08000243   Thumb Code     0  startup_stm32f40xx.o(.text)
    DMA2_Stream6_IRQHandler                  0x08000243   Thumb Code     0  startup_stm32f40xx.o(.text)
    DMA2_Stream7_IRQHandler                  0x08000243   Thumb Code     0  startup_stm32f40xx.o(.text)
    ETH_IRQHandler                           0x08000243   Thumb Code     0  startup_stm32f40xx.o(.text)
    ETH_WKUP_IRQHandler                      0x08000243   Thumb Code     0  startup_stm32f40xx.o(.text)
    EXTI0_IRQHandler                         0x08000243   Thumb Code     0  startup_stm32f40xx.o(.text)
    EXTI15_10_IRQHandler                     0x08000243   Thumb Code     0  startup_stm32f40xx.o(.text)
    EXTI1_IRQHandler                         0x08000243   Thumb Code     0  startup_stm32f40xx.o(.text)
    EXTI2_IRQHandler                         0x08000243   Thumb Code     0  startup_stm32f40xx.o(.text)
    EXTI3_IRQHandler                         0x08000243   Thumb Code     0  startup_stm32f40xx.o(.text)
    EXTI4_IRQHandler                         0x08000243   Thumb Code     0  startup_stm32f40xx.o(.text)
    EXTI9_5_IRQHandler                       0x08000243   Thumb Code     0  startup_stm32f40xx.o(.text)
    FLASH_IRQHandler                         0x08000243   Thumb Code     0  startup_stm32f40xx.o(.text)
    FPU_IRQHandler                           0x08000243   Thumb Code     0  startup_stm32f40xx.o(.text)
    FSMC_IRQHandler                          0x08000243   Thumb Code     0  startup_stm32f40xx.o(.text)
    HASH_RNG_IRQHandler                      0x08000243   Thumb Code     0  startup_stm32f40xx.o(.text)
    I2C1_ER_IRQHandler                       0x08000243   Thumb Code     0  startup_stm32f40xx.o(.text)
    I2C1_EV_IRQHandler                       0x08000243   Thumb Code     0  startup_stm32f40xx.o(.text)
    I2C2_ER_IRQHandler                       0x08000243   Thumb Code     0  startup_stm32f40xx.o(.text)
    I2C2_EV_IRQHandler                       0x08000243   Thumb Code     0  startup_stm32f40xx.o(.text)
    I2C3_ER_IRQHandler                       0x08000243   Thumb Code     0  startup_stm32f40xx.o(.text)
    I2C3_EV_IRQHandler                       0x08000243   Thumb Code     0  startup_stm32f40xx.o(.text)
    OTG_FS_IRQHandler                        0x08000243   Thumb Code     0  startup_stm32f40xx.o(.text)
    OTG_FS_WKUP_IRQHandler                   0x08000243   Thumb Code     0  startup_stm32f40xx.o(.text)
    OTG_HS_EP1_IN_IRQHandler                 0x08000243   Thumb Code     0  startup_stm32f40xx.o(.text)
    OTG_HS_EP1_OUT_IRQHandler                0x08000243   Thumb Code     0  startup_stm32f40xx.o(.text)
    OTG_HS_IRQHandler                        0x08000243   Thumb Code     0  startup_stm32f40xx.o(.text)
    OTG_HS_WKUP_IRQHandler                   0x08000243   Thumb Code     0  startup_stm32f40xx.o(.text)
    PVD_IRQHandler                           0x08000243   Thumb Code     0  startup_stm32f40xx.o(.text)
    RCC_IRQHandler                           0x08000243   Thumb Code     0  startup_stm32f40xx.o(.text)
    RTC_Alarm_IRQHandler                     0x08000243   Thumb Code     0  startup_stm32f40xx.o(.text)
    RTC_WKUP_IRQHandler                      0x08000243   Thumb Code     0  startup_stm32f40xx.o(.text)
    SDIO_IRQHandler                          0x08000243   Thumb Code     0  startup_stm32f40xx.o(.text)
    SPI1_IRQHandler                          0x08000243   Thumb Code     0  startup_stm32f40xx.o(.text)
    SPI2_IRQHandler                          0x08000243   Thumb Code     0  startup_stm32f40xx.o(.text)
    SPI3_IRQHandler                          0x08000243   Thumb Code     0  startup_stm32f40xx.o(.text)
    TAMP_STAMP_IRQHandler                    0x08000243   Thumb Code     0  startup_stm32f40xx.o(.text)
    TIM1_BRK_TIM9_IRQHandler                 0x08000243   Thumb Code     0  startup_stm32f40xx.o(.text)
    TIM1_CC_IRQHandler                       0x08000243   Thumb Code     0  startup_stm32f40xx.o(.text)
    TIM1_TRG_COM_TIM11_IRQHandler            0x08000243   Thumb Code     0  startup_stm32f40xx.o(.text)
    TIM1_UP_TIM10_IRQHandler                 0x08000243   Thumb Code     0  startup_stm32f40xx.o(.text)
    TIM2_IRQHandler                          0x08000243   Thumb Code     0  startup_stm32f40xx.o(.text)
    TIM4_IRQHandler                          0x08000243   Thumb Code     0  startup_stm32f40xx.o(.text)
    TIM5_IRQHandler                          0x08000243   Thumb Code     0  startup_stm32f40xx.o(.text)
    TIM7_IRQHandler                          0x08000243   Thumb Code     0  startup_stm32f40xx.o(.text)
    TIM8_BRK_TIM12_IRQHandler                0x08000243   Thumb Code     0  startup_stm32f40xx.o(.text)
    TIM8_CC_IRQHandler                       0x08000243   Thumb Code     0  startup_stm32f40xx.o(.text)
    TIM8_TRG_COM_TIM14_IRQHandler            0x08000243   Thumb Code     0  startup_stm32f40xx.o(.text)
    TIM8_UP_TIM13_IRQHandler                 0x08000243   Thumb Code     0  startup_stm32f40xx.o(.text)
    UART4_IRQHandler                         0x08000243   Thumb Code     0  startup_stm32f40xx.o(.text)
    UART5_IRQHandler                         0x08000243   Thumb Code     0  startup_stm32f40xx.o(.text)
    USART3_IRQHandler                        0x08000243   Thumb Code     0  startup_stm32f40xx.o(.text)
    USART6_IRQHandler                        0x08000243   Thumb Code     0  startup_stm32f40xx.o(.text)
    WWDG_IRQHandler                          0x08000243   Thumb Code     0  startup_stm32f40xx.o(.text)
    __user_initial_stackheap                 0x08000245   Thumb Code     0  startup_stm32f40xx.o(.text)
    __use_two_region_memory                  0x08000269   Thumb Code     2  heapauxi.o(.text)
    __rt_heap_escrow$2region                 0x0800026b   Thumb Code     2  heapauxi.o(.text)
    __rt_heap_expand$2region                 0x0800026d   Thumb Code     2  heapauxi.o(.text)
    __user_setup_stackheap                   0x0800026f   Thumb Code    74  sys_stackheap_outer.o(.text)
    exit                                     0x080002b9   Thumb Code    18  exit.o(.text)
    __user_libspace                          0x080002cd   Thumb Code     8  libspace.o(.text)
    __user_perproc_libspace                  0x080002cd   Thumb Code     0  libspace.o(.text)
    __user_perthread_libspace                0x080002cd   Thumb Code     0  libspace.o(.text)
    _sys_exit                                0x080002d5   Thumb Code     8  sys_exit.o(.text)
    __I$use$semihosting                      0x080002e1   Thumb Code     0  use_no_semi.o(.text)
    __use_no_semihosting_swi                 0x080002e1   Thumb Code     2  use_no_semi.o(.text)
    BusFault_Handler                         0x080002e3   Thumb Code     4  stm32f4xx_it.o(i.BusFault_Handler)
    __semihosting_library_function           0x080002e3   Thumb Code     0  indicate_semi.o(.text)
    CAN1_Configuration                       0x080002e9   Thumb Code   262  can1.o(i.CAN1_Configuration)
    CAN1_RX0_IRQHandler                      0x080003f9   Thumb Code   212  can1.o(i.CAN1_RX0_IRQHandler)
    CAN1_TX_IRQHandler                       0x080004d9   Thumb Code    28  can1.o(i.CAN1_TX_IRQHandler)
    CAN_ClearITPendingBit                    0x080004fd   Thumb Code   162  stm32f4xx_can.o(i.CAN_ClearITPendingBit)
    CAN_DeInit                               0x080005a5   Thumb Code    50  stm32f4xx_can.o(i.CAN_DeInit)
    CAN_FilterInit                           0x080005dd   Thumb Code   258  stm32f4xx_can.o(i.CAN_FilterInit)
    CAN_GetITStatus                          0x080006e5   Thumb Code   284  stm32f4xx_can.o(i.CAN_GetITStatus)
    CAN_ITConfig                             0x08000805   Thumb Code    18  stm32f4xx_can.o(i.CAN_ITConfig)
    CAN_Init                                 0x08000817   Thumb Code   276  stm32f4xx_can.o(i.CAN_Init)
    CAN_Receive                              0x0800092b   Thumb Code   240  stm32f4xx_can.o(i.CAN_Receive)
    CAN_StructInit                           0x08000a1b   Thumb Code    32  stm32f4xx_can.o(i.CAN_StructInit)
    CAN_Transmit                             0x08000a3b   Thumb Code   294  stm32f4xx_can.o(i.CAN_Transmit)
    CAN_TransmitStatus                       0x08000b61   Thumb Code   138  stm32f4xx_can.o(i.CAN_TransmitStatus)
    CopeSerial2Data                          0x08000c15   Thumb Code   256  jy901.o(i.CopeSerial2Data)
    DMA_ClearFlag                            0x08000d49   Thumb Code    38  stm32f4xx_dma.o(i.DMA_ClearFlag)
    DMA_Cmd                                  0x08000d7d   Thumb Code    22  stm32f4xx_dma.o(i.DMA_Cmd)
    DMA_DeInit                               0x08000d95   Thumb Code   324  stm32f4xx_dma.o(i.DMA_DeInit)
    DMA_DoubleBufferModeCmd                  0x08000eed   Thumb Code    22  stm32f4xx_dma.o(i.DMA_DoubleBufferModeCmd)
    DMA_DoubleBufferModeConfig               0x08000f03   Thumb Code    24  stm32f4xx_dma.o(i.DMA_DoubleBufferModeConfig)
    DMA_GetCurrDataCounter                   0x08000f1b   Thumb Code     8  stm32f4xx_dma.o(i.DMA_GetCurrDataCounter)
    DMA_GetCurrentMemoryTarget               0x08000f23   Thumb Code    20  stm32f4xx_dma.o(i.DMA_GetCurrentMemoryTarget)
    DMA_Init                                 0x08000f39   Thumb Code    82  stm32f4xx_dma.o(i.DMA_Init)
    DMA_SetCurrDataCounter                   0x08000f91   Thumb Code     4  stm32f4xx_dma.o(i.DMA_SetCurrDataCounter)
    DebugMon_Handler                         0x08000f95   Thumb Code     2  stm32f4xx_it.o(i.DebugMon_Handler)
    GPIO_Init                                0x08000f97   Thumb Code   144  stm32f4xx_gpio.o(i.GPIO_Init)
    GPIO_PinAFConfig                         0x08001027   Thumb Code    70  stm32f4xx_gpio.o(i.GPIO_PinAFConfig)
    GPIO_ReadInputDataBit                    0x0800106d   Thumb Code    18  stm32f4xx_gpio.o(i.GPIO_ReadInputDataBit)
    GPIO_ResetBits                           0x0800107f   Thumb Code     4  stm32f4xx_gpio.o(i.GPIO_ResetBits)
    GPIO_SetBits                             0x08001083   Thumb Code     4  stm32f4xx_gpio.o(i.GPIO_SetBits)
    HardFault_Handler                        0x08001087   Thumb Code     4  stm32f4xx_it.o(i.HardFault_Handler)
    JY901_usart2_Init                        0x0800108d   Thumb Code   214  jy901.o(i.JY901_usart2_Init)
    LED_Init                                 0x0800116d   Thumb Code    60  task.o(i.LED_Init)
    LS_Driver1_Enable                        0x080011ad   Thumb Code   120  can1.o(i.LS_Driver1_Enable)
    LS_Driver1_Set_Rpm                       0x08001229   Thumb Code   118  can1.o(i.LS_Driver1_Set_Rpm)
    LS_Driver2_Enable                        0x080012a5   Thumb Code   120  can1.o(i.LS_Driver2_Enable)
    LS_Driver2_Set_Rpm                       0x08001321   Thumb Code   118  can1.o(i.LS_Driver2_Set_Rpm)
    MemManage_Handler                        0x0800139d   Thumb Code     4  stm32f4xx_it.o(i.MemManage_Handler)
    NMI_Handler                              0x080013a1   Thumb Code     2  stm32f4xx_it.o(i.NMI_Handler)
    NVIC_Init                                0x080013a5   Thumb Code   106  misc.o(i.NVIC_Init)
    NVIC_PriorityGroupConfig                 0x0800141d   Thumb Code    10  misc.o(i.NVIC_PriorityGroupConfig)
    PendSV_Handler                           0x08001431   Thumb Code     2  stm32f4xx_it.o(i.PendSV_Handler)
    RCC_AHB1PeriphClockCmd                   0x08001435   Thumb Code    26  stm32f4xx_rcc.o(i.RCC_AHB1PeriphClockCmd)
    RCC_APB1PeriphClockCmd                   0x08001455   Thumb Code    26  stm32f4xx_rcc.o(i.RCC_APB1PeriphClockCmd)
    RCC_APB1PeriphResetCmd                   0x08001475   Thumb Code    26  stm32f4xx_rcc.o(i.RCC_APB1PeriphResetCmd)
    RCC_APB2PeriphClockCmd                   0x08001495   Thumb Code    26  stm32f4xx_rcc.o(i.RCC_APB2PeriphClockCmd)
    RCC_APB2PeriphResetCmd                   0x080014b5   Thumb Code    26  stm32f4xx_rcc.o(i.RCC_APB2PeriphResetCmd)
    RCC_GetClocksFreq                        0x080014d5   Thumb Code   214  stm32f4xx_rcc.o(i.RCC_GetClocksFreq)
    RC_Init                                  0x080015bd   Thumb Code   314  rc.o(i.RC_Init)
    Remote_Config                            0x0800170d   Thumb Code    16  sbus.o(i.Remote_Config)
    SVC_Handler                              0x080018b5   Thumb Code     2  stm32f4xx_it.o(i.SVC_Handler)
    SysTick_CLKSourceConfig                  0x080019a5   Thumb Code    40  misc.o(i.SysTick_CLKSourceConfig)
    SysTick_Handler                          0x080019cd   Thumb Code     8  stm32f4xx_it.o(i.SysTick_Handler)
    SystemInit                               0x080019d5   Thumb Code    88  system_stm32f4xx.o(i.SystemInit)
    TASKS_Ctrl                               0x08001a3d   Thumb Code   338  task.o(i.TASKS_Ctrl)
    TASKS_Init                               0x08001bd1   Thumb Code    86  task.o(i.TASKS_Init)
    TASKS_Timer_H_1000hz                     0x08001c2d   Thumb Code     2  task.o(i.TASKS_Timer_H_1000hz)
    TASKS_Timer_H_100hz                      0x08001c31   Thumb Code    44  task.o(i.TASKS_Timer_H_100hz)
    TASKS_Timer_H_10hz                       0x08001c69   Thumb Code     2  task.o(i.TASKS_Timer_H_10hz)
    TASKS_Timer_H_1hz                        0x08001c6d   Thumb Code    64  task.o(i.TASKS_Timer_H_1hz)
    TASKS_Timer_H_50hz                       0x08001cb5   Thumb Code     2  task.o(i.TASKS_Timer_H_50hz)
    TASKS_Timer_L_1000hz                     0x08001cb7   Thumb Code     2  task.o(i.TASKS_Timer_L_1000hz)
    TASKS_Timer_L_100hz                      0x08001cb9   Thumb Code     2  task.o(i.TASKS_Timer_L_100hz)
    TASKS_Timer_L_10hz                       0x08001cbb   Thumb Code     2  task.o(i.TASKS_Timer_L_10hz)
    TASKS_Timer_L_1hz                        0x08001cbd   Thumb Code     2  task.o(i.TASKS_Timer_L_1hz)
    TASKS_Timer_L_50hz                       0x08001cbf   Thumb Code     2  task.o(i.TASKS_Timer_L_50hz)
    TIM3_IRQHandler                          0x08001cc1   Thumb Code   136  timer.o(i.TIM3_IRQHandler)
    TIM3_Init                                0x08001d51   Thumb Code   210  timer.o(i.TIM3_Init)
    TIM6_DAC_IRQHandler                      0x08001e2d   Thumb Code   136  timer.o(i.TIM6_DAC_IRQHandler)
    TIM6_Init                                0x08001ebd   Thumb Code   116  timer.o(i.TIM6_Init)
    TIM_ARRPreloadConfig                     0x08001f35   Thumb Code    24  stm32f4xx_tim.o(i.TIM_ARRPreloadConfig)
    TIM_ClearFlag                            0x08001f4d   Thumb Code     6  stm32f4xx_tim.o(i.TIM_ClearFlag)
    TIM_Cmd                                  0x08001f53   Thumb Code    24  stm32f4xx_tim.o(i.TIM_Cmd)
    TIM_DeInit                               0x08001f6d   Thumb Code   346  stm32f4xx_tim.o(i.TIM_DeInit)
    TIM_GetITStatus                          0x080020fd   Thumb Code    34  stm32f4xx_tim.o(i.TIM_GetITStatus)
    TIM_ITConfig                             0x0800211f   Thumb Code    18  stm32f4xx_tim.o(i.TIM_ITConfig)
    TIM_OC2Init                              0x08002131   Thumb Code   154  stm32f4xx_tim.o(i.TIM_OC2Init)
    TIM_OC2PreloadConfig                     0x080021d5   Thumb Code    26  stm32f4xx_tim.o(i.TIM_OC2PreloadConfig)
    TIM_TimeBaseInit                         0x080021f1   Thumb Code   104  stm32f4xx_tim.o(i.TIM_TimeBaseInit)
    TimingDelay_Decrement                    0x08002275   Thumb Code    18  main.o(i.TimingDelay_Decrement)
    USART1_IRQHandler                        0x0800228d   Thumb Code   204  sbus.o(i.USART1_IRQHandler)
    USART2_IRQHandler                        0x08002371   Thumb Code    48  jy901.o(i.USART2_IRQHandler)
    USART_ClearFlag                          0x080023a5   Thumb Code    18  stm32f4xx_usart.o(i.USART_ClearFlag)
    USART_ClearITPendingBit                  0x080023b7   Thumb Code    30  stm32f4xx_usart.o(i.USART_ClearITPendingBit)
    USART_Cmd                                0x080023d5   Thumb Code    24  stm32f4xx_usart.o(i.USART_Cmd)
    USART_DMACmd                             0x080023ed   Thumb Code    18  stm32f4xx_usart.o(i.USART_DMACmd)
    USART_DeInit                             0x08002401   Thumb Code   206  stm32f4xx_usart.o(i.USART_DeInit)
    USART_GetITStatus                        0x080024f1   Thumb Code    84  stm32f4xx_usart.o(i.USART_GetITStatus)
    USART_ITConfig                           0x08002545   Thumb Code    74  stm32f4xx_usart.o(i.USART_ITConfig)
    USART_Init                               0x08002591   Thumb Code   204  stm32f4xx_usart.o(i.USART_Init)
    USART_ReceiveData                        0x08002665   Thumb Code    10  stm32f4xx_usart.o(i.USART_ReceiveData)
    UsageFault_Handler                       0x0800266f   Thumb Code     4  stm32f4xx_it.o(i.UsageFault_Handler)
    angle_cal                                0x08002675   Thumb Code   208  jy901.o(i.angle_cal)
    chassis_acc_vel                          0x0800275d   Thumb Code    28  chassis.o(i.chassis_acc_vel)
    chassis_drive                            0x0800277d   Thumb Code    26  chassis.o(i.chassis_drive)
    chassis_forward                          0x0800279d   Thumb Code   144  chassis.o(i.chassis_forward)
    chassis_set_pos                          0x08002849   Thumb Code    44  chassis.o(i.chassis_set_pos)
    chassis_set_target_vel                   0x08002881   Thumb Code    12  chassis.o(i.chassis_set_target_vel)
    chassis_set_vel                          0x08002891   Thumb Code    20  chassis.o(i.chassis_set_vel)
    chassis_vel_to_rpm                       0x080028a9   Thumb Code   264  chassis.o(i.chassis_vel_to_rpm)
    delayInit                                0x080029cd   Thumb Code    44  delay.o(i.delayInit)
    delay_ms                                 0x08002a01   Thumb Code    56  delay.o(i.delay_ms)
    delay_xms                                0x08002a39   Thumb Code    72  delay.o(i.delay_xms)
    distance_detect                          0x08002a85   Thumb Code    20  ultrasonic.o(i.distance_detect)
    get_remote_control_point                 0x08002a9d   Thumb Code     4  sbus.o(i.get_remote_control_point)
    main                                     0x08002aa5   Thumb Code     8  main.o(i.main)
    map                                      0x08002aad   Thumb Code    30  robomodule.o(i.map)
    ultrasonic_init                          0x08002acd   Thumb Code    46  ultrasonic.o(i.ultrasonic_init)
    yaw_difference                           0x08002b01   Thumb Code   182  chassis.o(i.yaw_difference)
    yaw_stable                               0x08002bc9   Thumb Code    88  chassis.o(i.yaw_stable)
    __aeabi_d2f                              0x08002c25   Thumb Code     0  d2f.o(x$fpl$d2f)
    _d2f                                     0x08002c25   Thumb Code    98  d2f.o(x$fpl$d2f)
    __aeabi_dadd                             0x08002c89   Thumb Code     0  daddsub_clz.o(x$fpl$dadd)
    _dadd                                    0x08002c89   Thumb Code   332  daddsub_clz.o(x$fpl$dadd)
    __aeabi_ddiv                             0x08002dd9   Thumb Code     0  ddiv.o(x$fpl$ddiv)
    _ddiv                                    0x08002dd9   Thumb Code   552  ddiv.o(x$fpl$ddiv)
    __aeabi_i2d                              0x08003089   Thumb Code     0  dflt_clz.o(x$fpl$dflt)
    _dflt                                    0x08003089   Thumb Code    46  dflt_clz.o(x$fpl$dflt)
    __aeabi_dmul                             0x080030b9   Thumb Code     0  dmul.o(x$fpl$dmul)
    _dmul                                    0x080030b9   Thumb Code   332  dmul.o(x$fpl$dmul)
    __fpl_dnaninf                            0x0800320d   Thumb Code   156  dnaninf.o(x$fpl$dnaninf)
    __fpl_dretinf                            0x080032a9   Thumb Code    12  dretinf.o(x$fpl$dretinf)
    __aeabi_drsub                            0x080032b5   Thumb Code     0  daddsub_clz.o(x$fpl$drsb)
    _drsb                                    0x080032b5   Thumb Code    22  daddsub_clz.o(x$fpl$drsb)
    __aeabi_dsub                             0x080032cd   Thumb Code     0  daddsub_clz.o(x$fpl$dsub)
    _dsub                                    0x080032cd   Thumb Code   464  daddsub_clz.o(x$fpl$dsub)
    _fp_init                                 0x080034a1   Thumb Code    10  fpinit.o(x$fpl$fpinit)
    __fplib_config_fpu_vfp                   0x080034a9   Thumb Code     0  fpinit.o(x$fpl$fpinit)
    __fplib_config_pureend_doubles           0x080034a9   Thumb Code     0  fpinit.o(x$fpl$fpinit)
    __fpl_fretinf                            0x080034ab   Thumb Code    10  fretinf.o(x$fpl$fretinf)
    Region$$Table$$Base                      0x080034b4   Number         0  anon$$obj.o(Region$$Table)
    __I$use$fp                               0x080034b4   Number         0  usenofp.o(x$fpl$usenofp)
    Region$$Table$$Limit                     0x080034d4   Number         0  anon$$obj.o(Region$$Table)
    FS_controller                            0x20000014   Data           4  task.o(.data)
    pressure                                 0x20000018   Data           4  task.o(.data)
    vel1                                     0x2000001c   Data           4  task.o(.data)
    vel2                                     0x20000020   Data           4  task.o(.data)
    detect                                   0x20000024   Data           4  task.o(.data)
    stage2                                   0x20000028   Data           1  task.o(.data)
    stage3                                   0x20000029   Data           1  task.o(.data)
    stage4                                   0x2000002a   Data           1  task.o(.data)
    stage5                                   0x2000002b   Data           1  task.o(.data)
    stage6                                   0x2000002c   Data           1  task.o(.data)
    stage7                                   0x2000002d   Data           1  task.o(.data)
    s_prev                                   0x2000002e   Data           4  task.o(.data)
    led_state                                0x20000032   Data           1  task.o(.data)
    yaw_d                                    0x20000034   Data           4  task.o(.data)
    CAN_Time_Out                             0x20000044   Data           4  can1.o(.data)
    can_tx_success_flag                      0x20000048   Data           1  can1.o(.data)
    Real_Current_Value                       0x2000004a   Data           8  can1.o(.data)
    Real_Velocity_Value                      0x20000052   Data           8  can1.o(.data)
    position_value                           0x2000005c   Data           8  can1.o(.data)
    Real_Online                              0x20000064   Data           4  can1.o(.data)
    Real_Ctl1_Value                          0x20000068   Data           4  can1.o(.data)
    Real_Ctl2_Value                          0x2000006c   Data           4  can1.o(.data)
    stcTime                                  0x20000070   Data           8  jy901.o(.data)
    stcAcc                                   0x20000078   Data           8  jy901.o(.data)
    stcGyro                                  0x20000080   Data           8  jy901.o(.data)
    stcAngle                                 0x20000088   Data           8  jy901.o(.data)
    realAngle                                0x20000090   Data           8  jy901.o(.data)
    stcMag                                   0x20000098   Data           8  jy901.o(.data)
    stcDStatus                               0x200000a0   Data           8  jy901.o(.data)
    stcPress                                 0x200000a8   Data           8  jy901.o(.data)
    stcLonLat                                0x200000b0   Data           8  jy901.o(.data)
    stcGPSV                                  0x200000b8   Data           8  jy901.o(.data)
    stcQ                                     0x200000c0   Data           8  jy901.o(.data)
    SBUS_MsgPack                             0x200001ce   Data          25  sbus.o(.bss)
    SBUS_ChanelVal                           0x200001e8   Data          32  sbus.o(.bss)
    rc_ctrl                                  0x20000208   Data          20  sbus.o(.bss)
    SBUS_rx_buf                              0x2000021c   Data          72  sbus.o(.bss)
    chassis                                  0x20000264   Data          96  chassis.o(.bss)
    __libspace_start                         0x200002c4   Data          96  libspace.o(.bss)
    __temporary_stack_top$libspace           0x20000324   Data           0  libspace.o(.bss)



==============================================================================

Memory Map of the image

  Image Entry point : 0x08000189

  Load Region LR_IROM1 (Base: 0x08000000, Size: 0x000035a8, Max: 0x00100000, ABSOLUTE)

    Execution Region ER_IROM1 (Exec base: 0x08000000, Load base: 0x08000000, Size: 0x000034d4, Max: 0x00100000, ABSOLUTE)

    Exec Addr    Load Addr    Size         Type   Attr      Idx    E Section Name        Object

    0x08000000   0x08000000   0x00000188   Data   RO            3    RESET               startup_stm32f40xx.o
    0x08000188   0x08000188   0x00000008   Code   RO         6080  * !!!main             c_w.l(__main.o)
    0x08000190   0x08000190   0x00000034   Code   RO         6274    !!!scatter          c_w.l(__scatter.o)
    0x080001c4   0x080001c4   0x0000001a   Code   RO         6276    !!handler_copy      c_w.l(__scatter_copy.o)
    0x080001de   0x080001de   0x00000002   PAD
    0x080001e0   0x080001e0   0x0000001c   Code   RO         6278    !!handler_zi        c_w.l(__scatter_zi.o)
    0x080001fc   0x080001fc   0x00000002   Code   RO         6144    .ARM.Collect$$libinit$$00000000  c_w.l(libinit.o)
    0x080001fe   0x080001fe   0x00000004   Code   RO         6150    .ARM.Collect$$libinit$$00000001  c_w.l(libinit2.o)
    0x08000202   0x08000202   0x00000000   Code   RO         6153    .ARM.Collect$$libinit$$00000004  c_w.l(libinit2.o)
    0x08000202   0x08000202   0x00000000   Code   RO         6156    .ARM.Collect$$libinit$$0000000A  c_w.l(libinit2.o)
    0x08000202   0x08000202   0x00000000   Code   RO         6158    .ARM.Collect$$libinit$$0000000C  c_w.l(libinit2.o)
    0x08000202   0x08000202   0x00000000   Code   RO         6160    .ARM.Collect$$libinit$$0000000E  c_w.l(libinit2.o)
    0x08000202   0x08000202   0x00000000   Code   RO         6163    .ARM.Collect$$libinit$$00000011  c_w.l(libinit2.o)
    0x08000202   0x08000202   0x00000000   Code   RO         6165    .ARM.Collect$$libinit$$00000013  c_w.l(libinit2.o)
    0x08000202   0x08000202   0x00000000   Code   RO         6167    .ARM.Collect$$libinit$$00000015  c_w.l(libinit2.o)
    0x08000202   0x08000202   0x00000000   Code   RO         6169    .ARM.Collect$$libinit$$00000017  c_w.l(libinit2.o)
    0x08000202   0x08000202   0x00000000   Code   RO         6171    .ARM.Collect$$libinit$$00000019  c_w.l(libinit2.o)
    0x08000202   0x08000202   0x00000000   Code   RO         6173    .ARM.Collect$$libinit$$0000001B  c_w.l(libinit2.o)
    0x08000202   0x08000202   0x00000000   Code   RO         6175    .ARM.Collect$$libinit$$0000001D  c_w.l(libinit2.o)
    0x08000202   0x08000202   0x00000000   Code   RO         6177    .ARM.Collect$$libinit$$0000001F  c_w.l(libinit2.o)
    0x08000202   0x08000202   0x00000000   Code   RO         6179    .ARM.Collect$$libinit$$00000021  c_w.l(libinit2.o)
    0x08000202   0x08000202   0x00000000   Code   RO         6181    .ARM.Collect$$libinit$$00000023  c_w.l(libinit2.o)
    0x08000202   0x08000202   0x00000000   Code   RO         6183    .ARM.Collect$$libinit$$00000025  c_w.l(libinit2.o)
    0x08000202   0x08000202   0x00000000   Code   RO         6187    .ARM.Collect$$libinit$$0000002C  c_w.l(libinit2.o)
    0x08000202   0x08000202   0x00000000   Code   RO         6189    .ARM.Collect$$libinit$$0000002E  c_w.l(libinit2.o)
    0x08000202   0x08000202   0x00000000   Code   RO         6191    .ARM.Collect$$libinit$$00000030  c_w.l(libinit2.o)
    0x08000202   0x08000202   0x00000000   Code   RO         6193    .ARM.Collect$$libinit$$00000032  c_w.l(libinit2.o)
    0x08000202   0x08000202   0x00000002   Code   RO         6194    .ARM.Collect$$libinit$$00000033  c_w.l(libinit2.o)
    0x08000204   0x08000204   0x00000002   Code   RO         6214    .ARM.Collect$$libshutdown$$00000000  c_w.l(libshutdown.o)
    0x08000206   0x08000206   0x00000000   Code   RO         6227    .ARM.Collect$$libshutdown$$00000002  c_w.l(libshutdown2.o)
    0x08000206   0x08000206   0x00000000   Code   RO         6229    .ARM.Collect$$libshutdown$$00000004  c_w.l(libshutdown2.o)
    0x08000206   0x08000206   0x00000000   Code   RO         6232    .ARM.Collect$$libshutdown$$00000007  c_w.l(libshutdown2.o)
    0x08000206   0x08000206   0x00000000   Code   RO         6235    .ARM.Collect$$libshutdown$$0000000A  c_w.l(libshutdown2.o)
    0x08000206   0x08000206   0x00000000   Code   RO         6237    .ARM.Collect$$libshutdown$$0000000C  c_w.l(libshutdown2.o)
    0x08000206   0x08000206   0x00000000   Code   RO         6240    .ARM.Collect$$libshutdown$$0000000F  c_w.l(libshutdown2.o)
    0x08000206   0x08000206   0x00000002   Code   RO         6241    .ARM.Collect$$libshutdown$$00000010  c_w.l(libshutdown2.o)
    0x08000208   0x08000208   0x00000000   Code   RO         6110    .ARM.Collect$$rtentry$$00000000  c_w.l(__rtentry.o)
    0x08000208   0x08000208   0x00000000   Code   RO         6121    .ARM.Collect$$rtentry$$00000002  c_w.l(__rtentry2.o)
    0x08000208   0x08000208   0x00000006   Code   RO         6133    .ARM.Collect$$rtentry$$00000004  c_w.l(__rtentry4.o)
    0x0800020e   0x0800020e   0x00000000   Code   RO         6123    .ARM.Collect$$rtentry$$00000009  c_w.l(__rtentry2.o)
    0x0800020e   0x0800020e   0x00000004   Code   RO         6124    .ARM.Collect$$rtentry$$0000000A  c_w.l(__rtentry2.o)
    0x08000212   0x08000212   0x00000000   Code   RO         6126    .ARM.Collect$$rtentry$$0000000C  c_w.l(__rtentry2.o)
    0x08000212   0x08000212   0x00000008   Code   RO         6127    .ARM.Collect$$rtentry$$0000000D  c_w.l(__rtentry2.o)
    0x0800021a   0x0800021a   0x00000002   Code   RO         6148    .ARM.Collect$$rtexit$$00000000  c_w.l(rtexit.o)
    0x0800021c   0x0800021c   0x00000000   Code   RO         6196    .ARM.Collect$$rtexit$$00000002  c_w.l(rtexit2.o)
    0x0800021c   0x0800021c   0x00000004   Code   RO         6197    .ARM.Collect$$rtexit$$00000003  c_w.l(rtexit2.o)
    0x08000220   0x08000220   0x00000006   Code   RO         6198    .ARM.Collect$$rtexit$$00000004  c_w.l(rtexit2.o)
    0x08000226   0x08000226   0x00000002   PAD
    0x08000228   0x08000228   0x00000040   Code   RO            4    .text               startup_stm32f40xx.o
    0x08000268   0x08000268   0x00000006   Code   RO         6078    .text               c_w.l(heapauxi.o)
    0x0800026e   0x0800026e   0x0000004a   Code   RO         6135    .text               c_w.l(sys_stackheap_outer.o)
    0x080002b8   0x080002b8   0x00000012   Code   RO         6137    .text               c_w.l(exit.o)
    0x080002ca   0x080002ca   0x00000002   PAD
    0x080002cc   0x080002cc   0x00000008   Code   RO         6145    .text               c_w.l(libspace.o)
    0x080002d4   0x080002d4   0x0000000c   Code   RO         6206    .text               c_w.l(sys_exit.o)
    0x080002e0   0x080002e0   0x00000002   Code   RO         6217    .text               c_w.l(use_no_semi.o)
    0x080002e2   0x080002e2   0x00000000   Code   RO         6219    .text               c_w.l(indicate_semi.o)
    0x080002e2   0x080002e2   0x00000004   Code   RO         5208    i.BusFault_Handler  stm32f4xx_it.o
    0x080002e6   0x080002e6   0x00000002   PAD
    0x080002e8   0x080002e8   0x00000110   Code   RO         5596    i.CAN1_Configuration  can1.o
    0x080003f8   0x080003f8   0x000000e0   Code   RO         5597    i.CAN1_RX0_IRQHandler  can1.o
    0x080004d8   0x080004d8   0x00000024   Code   RO         5598    i.CAN1_TX_IRQHandler  can1.o
    0x080004fc   0x080004fc   0x000000a8   Code   RO          414    i.CAN_ClearITPendingBit  stm32f4xx_can.o
    0x080005a4   0x080005a4   0x00000038   Code   RO          416    i.CAN_DeInit        stm32f4xx_can.o
    0x080005dc   0x080005dc   0x00000108   Code   RO          418    i.CAN_FilterInit    stm32f4xx_can.o
    0x080006e4   0x080006e4   0x00000120   Code   RO          420    i.CAN_GetITStatus   stm32f4xx_can.o
    0x08000804   0x08000804   0x00000012   Code   RO          424    i.CAN_ITConfig      stm32f4xx_can.o
    0x08000816   0x08000816   0x00000114   Code   RO          425    i.CAN_Init          stm32f4xx_can.o
    0x0800092a   0x0800092a   0x000000f0   Code   RO          428    i.CAN_Receive       stm32f4xx_can.o
    0x08000a1a   0x08000a1a   0x00000020   Code   RO          431    i.CAN_StructInit    stm32f4xx_can.o
    0x08000a3a   0x08000a3a   0x00000126   Code   RO          433    i.CAN_Transmit      stm32f4xx_can.o
    0x08000b60   0x08000b60   0x000000a0   Code   RO          434    i.CAN_TransmitStatus  stm32f4xx_can.o
    0x08000c00   0x08000c00   0x00000012   Code   RO          436    i.CheckITStatus     stm32f4xx_can.o
    0x08000c12   0x08000c12   0x00000002   PAD
    0x08000c14   0x08000c14   0x00000134   Code   RO         5752    i.CopeSerial2Data   jy901.o
    0x08000d48   0x08000d48   0x00000034   Code   RO         1191    i.DMA_ClearFlag     stm32f4xx_dma.o
    0x08000d7c   0x08000d7c   0x00000016   Code   RO         1193    i.DMA_Cmd           stm32f4xx_dma.o
    0x08000d92   0x08000d92   0x00000002   PAD
    0x08000d94   0x08000d94   0x00000158   Code   RO         1194    i.DMA_DeInit        stm32f4xx_dma.o
    0x08000eec   0x08000eec   0x00000016   Code   RO         1195    i.DMA_DoubleBufferModeCmd  stm32f4xx_dma.o
    0x08000f02   0x08000f02   0x00000018   Code   RO         1196    i.DMA_DoubleBufferModeConfig  stm32f4xx_dma.o
    0x08000f1a   0x08000f1a   0x00000008   Code   RO         1199    i.DMA_GetCurrDataCounter  stm32f4xx_dma.o
    0x08000f22   0x08000f22   0x00000014   Code   RO         1200    i.DMA_GetCurrentMemoryTarget  stm32f4xx_dma.o
    0x08000f36   0x08000f36   0x00000002   PAD
    0x08000f38   0x08000f38   0x00000058   Code   RO         1205    i.DMA_Init          stm32f4xx_dma.o
    0x08000f90   0x08000f90   0x00000004   Code   RO         1208    i.DMA_SetCurrDataCounter  stm32f4xx_dma.o
    0x08000f94   0x08000f94   0x00000002   Code   RO         5209    i.DebugMon_Handler  stm32f4xx_it.o
    0x08000f96   0x08000f96   0x00000090   Code   RO         1993    i.GPIO_Init         stm32f4xx_gpio.o
    0x08001026   0x08001026   0x00000046   Code   RO         1994    i.GPIO_PinAFConfig  stm32f4xx_gpio.o
    0x0800106c   0x0800106c   0x00000012   Code   RO         1997    i.GPIO_ReadInputDataBit  stm32f4xx_gpio.o
    0x0800107e   0x0800107e   0x00000004   Code   RO         2000    i.GPIO_ResetBits    stm32f4xx_gpio.o
    0x08001082   0x08001082   0x00000004   Code   RO         2001    i.GPIO_SetBits      stm32f4xx_gpio.o
    0x08001086   0x08001086   0x00000004   Code   RO         5210    i.HardFault_Handler  stm32f4xx_it.o
    0x0800108a   0x0800108a   0x00000002   PAD
    0x0800108c   0x0800108c   0x000000e0   Code   RO         5753    i.JY901_usart2_Init  jy901.o
    0x0800116c   0x0800116c   0x00000040   Code   RO         5324    i.LED_Init          task.o
    0x080011ac   0x080011ac   0x0000007c   Code   RO         5613    i.LS_Driver1_Enable  can1.o
    0x08001228   0x08001228   0x0000007c   Code   RO         5614    i.LS_Driver1_Set_Rpm  can1.o
    0x080012a4   0x080012a4   0x0000007c   Code   RO         5616    i.LS_Driver2_Enable  can1.o
    0x08001320   0x08001320   0x0000007c   Code   RO         5617    i.LS_Driver2_Set_Rpm  can1.o
    0x0800139c   0x0800139c   0x00000004   Code   RO         5211    i.MemManage_Handler  stm32f4xx_it.o
    0x080013a0   0x080013a0   0x00000002   Code   RO         5212    i.NMI_Handler       stm32f4xx_it.o
    0x080013a2   0x080013a2   0x00000002   PAD
    0x080013a4   0x080013a4   0x00000078   Code   RO           13    i.NVIC_Init         misc.o
    0x0800141c   0x0800141c   0x00000014   Code   RO           14    i.NVIC_PriorityGroupConfig  misc.o
    0x08001430   0x08001430   0x00000002   Code   RO         5213    i.PendSV_Handler    stm32f4xx_it.o
    0x08001432   0x08001432   0x00000002   PAD
    0x08001434   0x08001434   0x00000020   Code   RO         2919    i.RCC_AHB1PeriphClockCmd  stm32f4xx_rcc.o
    0x08001454   0x08001454   0x00000020   Code   RO         2928    i.RCC_APB1PeriphClockCmd  stm32f4xx_rcc.o
    0x08001474   0x08001474   0x00000020   Code   RO         2930    i.RCC_APB1PeriphResetCmd  stm32f4xx_rcc.o
    0x08001494   0x08001494   0x00000020   Code   RO         2931    i.RCC_APB2PeriphClockCmd  stm32f4xx_rcc.o
    0x080014b4   0x080014b4   0x00000020   Code   RO         2933    i.RCC_APB2PeriphResetCmd  stm32f4xx_rcc.o
    0x080014d4   0x080014d4   0x000000e8   Code   RO         2940    i.RCC_GetClocksFreq  stm32f4xx_rcc.o
    0x080015bc   0x080015bc   0x00000150   Code   RO         5423    i.RC_Init           rc.o
    0x0800170c   0x0800170c   0x00000014   Code   RO         5803    i.Remote_Config     sbus.o
    0x08001720   0x08001720   0x00000194   Code   RO         5804    i.SBUS_Decode       sbus.o
    0x080018b4   0x080018b4   0x00000002   Code   RO         5214    i.SVC_Handler       stm32f4xx_it.o
    0x080018b6   0x080018b6   0x00000002   PAD
    0x080018b8   0x080018b8   0x000000ec   Code   RO         5283    i.SetSysClock       system_stm32f4xx.o
    0x080019a4   0x080019a4   0x00000028   Code   RO           17    i.SysTick_CLKSourceConfig  misc.o
    0x080019cc   0x080019cc   0x00000008   Code   RO         5215    i.SysTick_Handler   stm32f4xx_it.o
    0x080019d4   0x080019d4   0x00000068   Code   RO         5285    i.SystemInit        system_stm32f4xx.o
    0x08001a3c   0x08001a3c   0x00000194   Code   RO         5325    i.TASKS_Ctrl        task.o
    0x08001bd0   0x08001bd0   0x0000005c   Code   RO         5326    i.TASKS_Init        task.o
    0x08001c2c   0x08001c2c   0x00000002   Code   RO         5327    i.TASKS_Timer_H_1000hz  task.o
    0x08001c2e   0x08001c2e   0x00000002   PAD
    0x08001c30   0x08001c30   0x00000038   Code   RO         5328    i.TASKS_Timer_H_100hz  task.o
    0x08001c68   0x08001c68   0x00000002   Code   RO         5329    i.TASKS_Timer_H_10hz  task.o
    0x08001c6a   0x08001c6a   0x00000002   PAD
    0x08001c6c   0x08001c6c   0x00000048   Code   RO         5330    i.TASKS_Timer_H_1hz  task.o
    0x08001cb4   0x08001cb4   0x00000002   Code   RO         5331    i.TASKS_Timer_H_50hz  task.o
    0x08001cb6   0x08001cb6   0x00000002   Code   RO         5332    i.TASKS_Timer_L_1000hz  task.o
    0x08001cb8   0x08001cb8   0x00000002   Code   RO         5333    i.TASKS_Timer_L_100hz  task.o
    0x08001cba   0x08001cba   0x00000002   Code   RO         5334    i.TASKS_Timer_L_10hz  task.o
    0x08001cbc   0x08001cbc   0x00000002   Code   RO         5335    i.TASKS_Timer_L_1hz  task.o
    0x08001cbe   0x08001cbe   0x00000002   Code   RO         5336    i.TASKS_Timer_L_50hz  task.o
    0x08001cc0   0x08001cc0   0x00000090   Code   RO         5504    i.TIM3_IRQHandler   timer.o
    0x08001d50   0x08001d50   0x000000dc   Code   RO         5505    i.TIM3_Init         timer.o
    0x08001e2c   0x08001e2c   0x00000090   Code   RO         5506    i.TIM6_DAC_IRQHandler  timer.o
    0x08001ebc   0x08001ebc   0x00000078   Code   RO         5507    i.TIM6_Init         timer.o
    0x08001f34   0x08001f34   0x00000018   Code   RO         4303    i.TIM_ARRPreloadConfig  stm32f4xx_tim.o
    0x08001f4c   0x08001f4c   0x00000006   Code   RO         4309    i.TIM_ClearFlag     stm32f4xx_tim.o
    0x08001f52   0x08001f52   0x00000018   Code   RO         4315    i.TIM_Cmd           stm32f4xx_tim.o
    0x08001f6a   0x08001f6a   0x00000002   PAD
    0x08001f6c   0x08001f6c   0x00000190   Code   RO         4320    i.TIM_DeInit        stm32f4xx_tim.o
    0x080020fc   0x080020fc   0x00000022   Code   RO         4336    i.TIM_GetITStatus   stm32f4xx_tim.o
    0x0800211e   0x0800211e   0x00000012   Code   RO         4340    i.TIM_ITConfig      stm32f4xx_tim.o
    0x08002130   0x08002130   0x000000a4   Code   RO         4349    i.TIM_OC2Init       stm32f4xx_tim.o
    0x080021d4   0x080021d4   0x0000001a   Code   RO         4352    i.TIM_OC2PreloadConfig  stm32f4xx_tim.o
    0x080021ee   0x080021ee   0x00000002   PAD
    0x080021f0   0x080021f0   0x00000084   Code   RO         4387    i.TIM_TimeBaseInit  stm32f4xx_tim.o
    0x08002274   0x08002274   0x00000018   Code   RO         5123    i.TimingDelay_Decrement  main.o
    0x0800228c   0x0800228c   0x000000e4   Code   RO         5805    i.USART1_IRQHandler  sbus.o
    0x08002370   0x08002370   0x00000034   Code   RO         5754    i.USART2_IRQHandler  jy901.o
    0x080023a4   0x080023a4   0x00000012   Code   RO         4865    i.USART_ClearFlag   stm32f4xx_usart.o
    0x080023b6   0x080023b6   0x0000001e   Code   RO         4866    i.USART_ClearITPendingBit  stm32f4xx_usart.o
    0x080023d4   0x080023d4   0x00000018   Code   RO         4869    i.USART_Cmd         stm32f4xx_usart.o
    0x080023ec   0x080023ec   0x00000012   Code   RO         4870    i.USART_DMACmd      stm32f4xx_usart.o
    0x080023fe   0x080023fe   0x00000002   PAD
    0x08002400   0x08002400   0x000000f0   Code   RO         4871    i.USART_DeInit      stm32f4xx_usart.o
    0x080024f0   0x080024f0   0x00000054   Code   RO         4873    i.USART_GetITStatus  stm32f4xx_usart.o
    0x08002544   0x08002544   0x0000004a   Code   RO         4875    i.USART_ITConfig    stm32f4xx_usart.o
    0x0800258e   0x0800258e   0x00000002   PAD
    0x08002590   0x08002590   0x000000d4   Code   RO         4876    i.USART_Init        stm32f4xx_usart.o
    0x08002664   0x08002664   0x0000000a   Code   RO         4883    i.USART_ReceiveData  stm32f4xx_usart.o
    0x0800266e   0x0800266e   0x00000004   Code   RO         5216    i.UsageFault_Handler  stm32f4xx_it.o
    0x08002672   0x08002672   0x00000002   PAD
    0x08002674   0x08002674   0x000000e8   Code   RO         5755    i.angle_cal         jy901.o
    0x0800275c   0x0800275c   0x00000020   Code   RO         5941    i.chassis_acc_vel   chassis.o
    0x0800277c   0x0800277c   0x00000020   Code   RO         5942    i.chassis_drive     chassis.o
    0x0800279c   0x0800279c   0x000000ac   Code   RO         5943    i.chassis_forward   chassis.o
    0x08002848   0x08002848   0x00000038   Code   RO         5945    i.chassis_set_pos   chassis.o
    0x08002880   0x08002880   0x00000010   Code   RO         5948    i.chassis_set_target_vel  chassis.o
    0x08002890   0x08002890   0x00000018   Code   RO         5949    i.chassis_set_vel   chassis.o
    0x080028a8   0x080028a8   0x00000124   Code   RO         5952    i.chassis_vel_to_rpm  chassis.o
    0x080029cc   0x080029cc   0x00000034   Code   RO         5459    i.delayInit         delay.o
    0x08002a00   0x08002a00   0x00000038   Code   RO         5460    i.delay_ms          delay.o
    0x08002a38   0x08002a38   0x0000004c   Code   RO         5462    i.delay_xms         delay.o
    0x08002a84   0x08002a84   0x00000018   Code   RO         6049    i.distance_detect   ultrasonic.o
    0x08002a9c   0x08002a9c   0x00000008   Code   RO         5806    i.get_remote_control_point  sbus.o
    0x08002aa4   0x08002aa4   0x00000008   Code   RO         5124    i.main              main.o
    0x08002aac   0x08002aac   0x0000001e   Code   RO         5883    i.map               robomodule.o
    0x08002aca   0x08002aca   0x00000002   PAD
    0x08002acc   0x08002acc   0x00000034   Code   RO         6050    i.ultrasonic_init   ultrasonic.o
    0x08002b00   0x08002b00   0x000000c8   Code   RO         5953    i.yaw_difference    chassis.o
    0x08002bc8   0x08002bc8   0x0000005c   Code   RO         5954    i.yaw_stable        chassis.o
    0x08002c24   0x08002c24   0x00000062   Code   RO         6082    x$fpl$d2f           fz_wm.l(d2f.o)
    0x08002c86   0x08002c86   0x00000002   PAD
    0x08002c88   0x08002c88   0x00000150   Code   RO         6084    x$fpl$dadd          fz_wm.l(daddsub_clz.o)
    0x08002dd8   0x08002dd8   0x000002b0   Code   RO         6091    x$fpl$ddiv          fz_wm.l(ddiv.o)
    0x08003088   0x08003088   0x0000002e   Code   RO         6095    x$fpl$dflt          fz_wm.l(dflt_clz.o)
    0x080030b6   0x080030b6   0x00000002   PAD
    0x080030b8   0x080030b8   0x00000154   Code   RO         6100    x$fpl$dmul          fz_wm.l(dmul.o)
    0x0800320c   0x0800320c   0x0000009c   Code   RO         6111    x$fpl$dnaninf       fz_wm.l(dnaninf.o)
    0x080032a8   0x080032a8   0x0000000c   Code   RO         6113    x$fpl$dretinf       fz_wm.l(dretinf.o)
    0x080032b4   0x080032b4   0x00000016   Code   RO         6085    x$fpl$drsb          fz_wm.l(daddsub_clz.o)
    0x080032ca   0x080032ca   0x00000002   PAD
    0x080032cc   0x080032cc   0x000001d4   Code   RO         6086    x$fpl$dsub          fz_wm.l(daddsub_clz.o)
    0x080034a0   0x080034a0   0x0000000a   Code   RO         6204    x$fpl$fpinit        fz_wm.l(fpinit.o)
    0x080034aa   0x080034aa   0x0000000a   Code   RO         6117    x$fpl$fretinf       fz_wm.l(fretinf.o)
    0x080034b4   0x080034b4   0x00000000   Code   RO         6119    x$fpl$usenofp       fz_wm.l(usenofp.o)
    0x080034b4   0x080034b4   0x00000020   Data   RO         6272    Region$$Table       anon$$obj.o


    Execution Region RW_IRAM1 (Exec base: 0x20000000, Load base: 0x080034d4, Size: 0x00000928, Max: 0x00020000, ABSOLUTE)

    Exec Addr    Load Addr    Size         Type   Attr      Idx    E Section Name        Object

    0x20000000   0x080034d4   0x00000010   Data   RW         2972    .data               stm32f4xx_rcc.o
    0x20000010   0x080034e4   0x00000004   Data   RW         5126    .data               main.o
    0x20000014   0x080034e8   0x00000024   Data   RW         5337    .data               task.o
    0x20000038   0x0800350c   0x00000008   Data   RW         5463    .data               delay.o
    0x20000040   0x08003514   0x00000004   Data   RW         5508    .data               timer.o
    0x20000044   0x08003518   0x0000002c   Data   RW         5619    .data               can1.o
    0x20000070   0x08003544   0x00000059   Data   RW         5757    .data               jy901.o
    0x200000c9   0x0800359d   0x00000001   PAD
    0x200000ca   0x0800359e   0x0000000a   Data   RW         5810    .data               sbus.o
    0x200000d4        -       0x000000fa   Zero   RW         5756    .bss                jy901.o
    0x200001ce        -       0x00000096   Zero   RW         5809    .bss                sbus.o
    0x20000264        -       0x00000060   Zero   RW         5955    .bss                chassis.o
    0x200002c4        -       0x00000060   Zero   RW         6146    .bss                c_w.l(libspace.o)
    0x20000324   0x080035a8   0x00000004   PAD
    0x20000328        -       0x00000200   Zero   RW            2    HEAP                startup_stm32f40xx.o
    0x20000528        -       0x00000400   Zero   RW            1    STACK               startup_stm32f40xx.o


==============================================================================

Image component sizes


      Code (inc. data)   RO Data    RW Data    ZI Data      Debug   Object Name

      1028         50          0         44          0       6071   can1.o
       916        108          0          0         96       5694   chassis.o
       184         12          0          8          0       1903   delay.o
       816        100          0         89        250       4900   jy901.o
        32          6          0          4          0       2086   main.o
       180         24          0          0          0     313657   misc.o
       336         22          0          0          0       1270   rc.o
        30          0          0          0          0        674   robomodule.o
       660         38          0         10        150       3557   sbus.o
        64         26        392          0       1536        844   startup_stm32f40xx.o
      1814         44          0          0          0       8025   stm32f4xx_can.o
       584         40          0          0          0       6504   stm32f4xx_dma.o
       240          0          0          0          0       3391   stm32f4xx_gpio.o
        32          0          0          0          0       4014   stm32f4xx_it.o
       392         48          0         16          0       5665   stm32f4xx_rcc.o
       828         92          0          0          0       6123   stm32f4xx_tim.o
       710         42          0          0          0       6564   stm32f4xx_usart.o
       340         32          0          0          0       1461   system_stm32f4xx.o
       704         96          0         36          0       6890   task.o
       628         30          0          4          0       2668   timer.o
        76         10          0          0          0       1048   ultrasonic.o

    ----------------------------------------------------------------------
     10626        820        424        212       2032     393009   Object Totals
         0          0         32          0          0          0   (incl. Generated)
        32          0          0          1          0          0   (incl. Padding)

    ----------------------------------------------------------------------

      Code (inc. data)   RO Data    RW Data    ZI Data      Debug   Library Member Name

         8          0          0          0          0         68   __main.o
         0          0          0          0          0          0   __rtentry.o
        12          0          0          0          0          0   __rtentry2.o
         6          0          0          0          0          0   __rtentry4.o
        52          8          0          0          0          0   __scatter.o
        26          0          0          0          0          0   __scatter_copy.o
        28          0          0          0          0          0   __scatter_zi.o
        18          0          0          0          0         80   exit.o
         6          0          0          0          0        152   heapauxi.o
         0          0          0          0          0          0   indicate_semi.o
         2          0          0          0          0          0   libinit.o
         6          0          0          0          0          0   libinit2.o
         2          0          0          0          0          0   libshutdown.o
         2          0          0          0          0          0   libshutdown2.o
         8          4          0          0         96         68   libspace.o
         2          0          0          0          0          0   rtexit.o
        10          0          0          0          0          0   rtexit2.o
        12          4          0          0          0         68   sys_exit.o
        74          0          0          0          0         80   sys_stackheap_outer.o
         2          0          0          0          0         68   use_no_semi.o
        98          4          0          0          0        140   d2f.o
       826         16          0          0          0        492   daddsub_clz.o
       688        140          0          0          0        256   ddiv.o
        46          0          0          0          0        116   dflt_clz.o
       340         12          0          0          0        152   dmul.o
       156          4          0          0          0        140   dnaninf.o
        12          0          0          0          0        116   dretinf.o
        10          0          0          0          0        116   fpinit.o
        10          0          0          0          0        116   fretinf.o
         0          0          0          0          0          0   usenofp.o

    ----------------------------------------------------------------------
      2474        192          0          0        100       2228   Library Totals
        12          0          0          0          4          0   (incl. Padding)

    ----------------------------------------------------------------------

      Code (inc. data)   RO Data    RW Data    ZI Data      Debug   Library Name

       276         16          0          0         96        584   c_w.l
      2186        176          0          0          0       1644   fz_wm.l

    ----------------------------------------------------------------------
      2474        192          0          0        100       2228   Library Totals

    ----------------------------------------------------------------------

==============================================================================


      Code (inc. data)   RO Data    RW Data    ZI Data      Debug   

     13100       1012        424        212       2132     383781   Grand Totals
     13100       1012        424        212       2132     383781   ELF Image Totals
     13100       1012        424        212          0          0   ROM Totals

==============================================================================

    Total RO  Size (Code + RO Data)                13524 (  13.21kB)
    Total RW  Size (RW Data + ZI Data)              2344 (   2.29kB)
    Total ROM Size (Code + RO Data + RW Data)      13736 (  13.41kB)

==============================================================================

